Component: ARM Compiler 5.06 update 7 (build 960) Tool: armlink [4d3601]

==============================================================================

Section Cross References

    startup_stm32l412xx.o(STACK) refers (Special) to heapauxi.o(.text) for __use_two_region_memory
    startup_stm32l412xx.o(HEAP) refers (Special) to heapauxi.o(.text) for __use_two_region_memory
    startup_stm32l412xx.o(RESET) refers (Special) to heapauxi.o(.text) for __use_two_region_memory
    startup_stm32l412xx.o(RESET) refers to startup_stm32l412xx.o(STACK) for __initial_sp
    startup_stm32l412xx.o(RESET) refers to startup_stm32l412xx.o(.text) for Reset_Handler
    startup_stm32l412xx.o(RESET) refers to stm32l4xx_it.o(i.NMI_Handler) for NMI_Handler
    startup_stm32l412xx.o(RESET) refers to stm32l4xx_it.o(i.HardFault_Handler) for HardFault_Handler
    startup_stm32l412xx.o(RESET) refers to stm32l4xx_it.o(i.MemManage_Handler) for MemManage_Handler
    startup_stm32l412xx.o(RESET) refers to stm32l4xx_it.o(i.BusFault_Handler) for BusFault_Handler
    startup_stm32l412xx.o(RESET) refers to stm32l4xx_it.o(i.UsageFault_Handler) for UsageFault_Handler
    startup_stm32l412xx.o(RESET) refers to stm32l4xx_it.o(i.SVC_Handler) for SVC_Handler
    startup_stm32l412xx.o(RESET) refers to stm32l4xx_it.o(i.DebugMon_Handler) for DebugMon_Handler
    startup_stm32l412xx.o(RESET) refers to stm32l4xx_it.o(i.PendSV_Handler) for PendSV_Handler
    startup_stm32l412xx.o(RESET) refers to stm32l4xx_it.o(i.SysTick_Handler) for SysTick_Handler
    startup_stm32l412xx.o(RESET) refers to stm32l4xx_it.o(i.EXTI0_IRQHandler) for EXTI0_IRQHandler
    startup_stm32l412xx.o(RESET) refers to stm32l4xx_it.o(i.USART2_IRQHandler) for USART2_IRQHandler
    startup_stm32l412xx.o(RESET) refers to stm32l4xx_it.o(i.TIM6_IRQHandler) for TIM6_IRQHandler
    startup_stm32l412xx.o(.text) refers (Special) to heapauxi.o(.text) for __use_two_region_memory
    startup_stm32l412xx.o(.text) refers to system_stm32l4xx.o(i.SystemInit) for SystemInit
    startup_stm32l412xx.o(.text) refers to __main.o(!!!main) for __main
    startup_stm32l412xx.o(.text) refers to startup_stm32l412xx.o(HEAP) for Heap_Mem
    startup_stm32l412xx.o(.text) refers to startup_stm32l412xx.o(STACK) for Stack_Mem
    main.o(i.HAL_UART_RxCpltCallback) refers to stm32l4xx_hal_uart.o(i.HAL_UART_Receive_IT) for HAL_UART_Receive_IT
    main.o(i.HAL_UART_RxCpltCallback) refers to stm32l4xx_hal_gpio.o(i.HAL_GPIO_TogglePin) for HAL_GPIO_TogglePin
    main.o(i.HAL_UART_RxCpltCallback) refers to atof.o(i.__hardfp_atof) for __hardfp_atof
    main.o(i.HAL_UART_RxCpltCallback) refers to rt_memclr.o(.text) for __aeabi_memclr
    main.o(i.HAL_UART_RxCpltCallback) refers to main.o(.data) for .data
    main.o(i.HAL_UART_RxCpltCallback) refers to main.o(.bss) for .bss
    main.o(i.HAL_UART_RxCpltCallback) refers to usart.o(.bss) for huart2
    main.o(i.HAL_UART_RxCpltCallback) refers to controlpid.o(.bss) for ControlPID_DW
    main.o(i.SystemClock_Config) refers to rt_memclr_w.o(.text) for __aeabi_memclr4
    main.o(i.SystemClock_Config) refers to stm32l4xx_hal_pwr_ex.o(i.HAL_PWREx_ControlVoltageScaling) for HAL_PWREx_ControlVoltageScaling
    main.o(i.SystemClock_Config) refers to stm32l4xx_hal_rcc.o(i.HAL_RCC_OscConfig) for HAL_RCC_OscConfig
    main.o(i.SystemClock_Config) refers to stm32l4xx_hal_rcc.o(i.HAL_RCC_ClockConfig) for HAL_RCC_ClockConfig
    main.o(i.main) refers to stm32l4xx_hal.o(i.HAL_Init) for HAL_Init
    main.o(i.main) refers to main.o(i.SystemClock_Config) for SystemClock_Config
    main.o(i.main) refers to gpio.o(i.MX_GPIO_Init) for MX_GPIO_Init
    main.o(i.main) refers to tim.o(i.MX_TIM6_Init) for MX_TIM6_Init
    main.o(i.main) refers to tim.o(i.MX_TIM15_Init) for MX_TIM15_Init
    main.o(i.main) refers to usart.o(i.MX_USART2_UART_Init) for MX_USART2_UART_Init
    main.o(i.main) refers to dflt_clz.o(x$fpl$dfltu) for __aeabi_ui2d
    main.o(i.main) refers to ddiv.o(x$fpl$ddiv) for __aeabi_ddiv
    main.o(i.main) refers to dfixu.o(x$fpl$dfixu) for __aeabi_d2uiz
    main.o(i.main) refers to main.o(i.SysTick_Config) for SysTick_Config
    main.o(i.main) refers to controlpid.o(i.ControlPID_initialize) for ControlPID_initialize
    main.o(i.main) refers to stm32l4xx_hal_uart.o(i.HAL_UART_Receive_IT) for HAL_UART_Receive_IT
    main.o(i.main) refers to controlpid.o(i.ControlPID_step) for ControlPID_step
    main.o(i.main) refers to system_stm32l4xx.o(.data) for SystemCoreClock
    main.o(i.main) refers to main.o(.data) for .data
    main.o(i.main) refers to controlpid.o(.bss) for ControlPID_DW
    main.o(i.main) refers to usart.o(.bss) for huart2
    main.o(i.main) refers to controlpid.o(.constdata) for ControlPID_M
    gpio.o(i.MX_GPIO_Init) refers to rt_memclr_w.o(.text) for __aeabi_memclr4
    gpio.o(i.MX_GPIO_Init) refers to stm32l4xx_hal_gpio.o(i.HAL_GPIO_WritePin) for HAL_GPIO_WritePin
    gpio.o(i.MX_GPIO_Init) refers to stm32l4xx_hal_gpio.o(i.HAL_GPIO_Init) for HAL_GPIO_Init
[...]
    __Vectors                                0x08000000   Data           4  startup_stm32l412xx.o(RESET)
    __Vectors_End                            0x0800018c   Data           0  startup_stm32l412xx.o(RESET)
    __main                                   0x0800018d   Thumb Code     8  __main.o(!!!main)
    __scatterload                            0x08000195   Thumb Code     0  __scatter.o(!!!scatter)
    __scatterload_rt2                        0x08000195   Thumb Code    44  __scatter.o(!!!scatter)
    __scatterload_rt2_thumb_only             0x08000195   Thumb Code     0  __scatter.o(!!!scatter)
    __scatterload_null                       0x080001a3   Thumb Code     0  __scatter.o(!!!scatter)
    __scatterload_copy                       0x080001c9   Thumb Code    26  __scatter_copy.o(!!handler_copy)
    __scatterload_zeroinit                   0x080001e5   Thumb Code    28  __scatter_zi.o(!!handler_zi)
    _printf_n                                0x08000201   Thumb Code     0  _printf_n.o(.ARM.Collect$$_printf_percent$$00000001)
    _printf_percent                          0x08000201   Thumb Code     0  _printf_percent.o(.ARM.Collect$$_printf_percent$$00000000)
    _printf_p                                0x08000207   Thumb Code     0  _printf_p.o(.ARM.Collect$$_printf_percent$$00000002)
    _printf_f                                0x0800020d   Thumb Code     0  _printf_f.o(.ARM.Collect$$_printf_percent$$00000003)
    _printf_e                                0x08000213   Thumb Code     0  _printf_e.o(.ARM.Collect$$_printf_percent$$00000004)
    _printf_g                                0x08000219   Thumb Code     0  _printf_g.o(.ARM.Collect$$_printf_percent$$00000005)
    _printf_a                                0x0800021f   Thumb Code     0  _printf_a.o(.ARM.Collect$$_printf_percent$$00000006)
    _printf_ll                               0x08000225   Thumb Code     0  _printf_ll.o(.ARM.Collect$$_printf_percent$$00000007)
    _printf_i                                0x0800022f   Thumb Code     0  _printf_i.o(.ARM.Collect$$_printf_percent$$00000008)
    _printf_d                                0x08000235   Thumb Code     0  _printf_d.o(.ARM.Collect$$_printf_percent$$00000009)
    _printf_u                                0x0800023b   Thumb Code     0  _printf_u.o(.ARM.Collect$$_printf_percent$$0000000A)
    _printf_o                                0x08000241   Thumb Code     0  _printf_o.o(.ARM.Collect$$_printf_percent$$0000000B)
    _printf_x                                0x08000247   Thumb Code     0  _printf_x.o(.ARM.Collect$$_printf_percent$$0000000C)
    _printf_lli                              0x0800024d   Thumb Code     0  _printf_lli.o(.ARM.Collect$$_printf_percent$$0000000D)
    _printf_lld                              0x08000253   Thumb Code     0  _printf_lld.o(.ARM.Collect$$_printf_percent$$0000000E)
    _printf_llu                              0x08000259   Thumb Code     0  _printf_llu.o(.ARM.Collect$$_printf_percent$$0000000F)
    _printf_llo                              0x0800025f   Thumb Code     0  _printf_llo.o(.ARM.Collect$$_printf_percent$$00000010)
    _printf_llx                              0x08000265   Thumb Code     0  _printf_llx.o(.ARM.Collect$$_printf_percent$$00000011)
    _printf_l                                0x0800026b   Thumb Code     0  _printf_l.o(.ARM.Collect$$_printf_percent$$00000012)
    _printf_c                                0x08000275   Thumb Code     0  _printf_c.o(.ARM.Collect$$_printf_percent$$00000013)
    _printf_s                                0x0800027b   Thumb Code     0  _printf_s.o(.ARM.Collect$$_printf_percent$$00000014)
    _printf_lc                               0x08000281   Thumb Code     0  _printf_lc.o(.ARM.Collect$$_printf_percent$$00000015)
    _printf_ls                               0x08000287   Thumb Code     0  _printf_ls.o(.ARM.Collect$$_printf_percent$$00000016)
    _printf_percent_end                      0x0800028d   Thumb Code     0  _printf_percent_end.o(.ARM.Collect$$_printf_percent$$00000017)
    __rt_lib_init                            0x08000291   Thumb Code     0  libinit.o(.ARM.Collect$$libinit$$00000000)
    __rt_lib_init_fp_1                       0x08000293   Thumb Code     0  libinit2.o(.ARM.Collect$$libinit$$00000001)
    __rt_lib_init_heap_1                     0x08000297   Thumb Code     0  libinit2.o(.ARM.Collect$$libinit$$0000000A)
    __rt_lib_init_lc_common                  0x08000297   Thumb Code     0  libinit2.o(.ARM.Collect$$libinit$$0000000F)
    __rt_lib_init_preinit_1                  0x08000297   Thumb Code     0  libinit2.o(.ARM.Collect$$libinit$$00000004)
    __rt_lib_init_rand_1                     0x08000297   Thumb Code     0  libinit2.o(.ARM.Collect$$libinit$$0000000E)
    __rt_lib_init_user_alloc_1               0x08000297   Thumb Code     0  libinit2.o(.ARM.Collect$$libinit$$0000000C)
    __rt_lib_init_lc_collate_1               0x0800029d   Thumb Code     0  libinit2.o(.ARM.Collect$$libinit$$00000011)
    __rt_lib_init_lc_ctype_2                 0x0800029d   Thumb Code     0  libinit2.o(.ARM.Collect$$libinit$$00000012)
    __rt_lib_init_lc_ctype_1                 0x080002a9   Thumb Code     0  libinit2.o(.ARM.Collect$$libinit$$00000013)
    __rt_lib_init_lc_monetary_1              0x080002a9   Thumb Code     0  libinit2.o(.ARM.Collect$$libinit$$00000015)
    __rt_lib_init_lc_numeric_2               0x080002a9   Thumb Code     0  libinit2.o(.ARM.Collect$$libinit$$00000016)
    __rt_lib_init_alloca_1                   0x080002b3   Thumb Code     0  libinit2.o(.ARM.Collect$$libinit$$0000002E)
    __rt_lib_init_argv_1                     0x080002b3   Thumb Code     0  libinit2.o(.ARM.Collect$$libinit$$0000002C)
    __rt_lib_init_atexit_1                   0x080002b3   Thumb Code     0  libinit2.o(.ARM.Collect$$libinit$$0000001B)
    __rt_lib_init_clock_1                    0x080002b3   Thumb Code     0  libinit2.o(.ARM.Collect$$libinit$$00000021)
    __rt_lib_init_cpp_1                      0x080002b3   Thumb Code     0  libinit2.o(.ARM.Collect$$libinit$$00000032)
    __rt_lib_init_exceptions_1               0x080002b3   Thumb Code     0  libinit2.o(.ARM.Collect$$libinit$$00000030)
    __rt_lib_init_fp_trap_1                  0x080002b3   Thumb Code     0  libinit2.o(.ARM.Collect$$libinit$$0000001F)
    __rt_lib_init_getenv_1                   0x080002b3   Thumb Code     0  libinit2.o(.ARM.Collect$$libinit$$00000023)
    __rt_lib_init_lc_numeric_1               0x080002b3   Thumb Code     0  libinit2.o(.ARM.Collect$$libinit$$00000017)
    __rt_lib_init_lc_time_1                  0x080002b3   Thumb Code     0  libinit2.o(.ARM.Collect$$libinit$$00000019)
    __rt_lib_init_return                     0x080002b3   Thumb Code     0  libinit2.o(.ARM.Collect$$libinit$$00000033)
    __rt_lib_init_signal_1                   0x080002b3   Thumb Code     0  libinit2.o(.ARM.Collect$$libinit$$0000001D)
    __rt_lib_init_stdio_1                    0x080002b3   Thumb Code     0  libinit2.o(.ARM.Collect$$libinit$$00000025)
    __rt_lib_shutdown                        0x080002b5   Thumb Code     0  libshutdown.o(.ARM.Collect$$libshutdown$$00000000)
    __rt_lib_shutdown_cpp_1                  0x080002b7   Thumb Code     0  libshutdown2.o(.ARM.Collect$$libshutdown$$00000004)
    __rt_lib_shutdown_fini_1                 0x080002b7   Thumb Code     0  libshutdown2.o(.ARM.Collect$$libshutdown$$00000002)
    __rt_lib_shutdown_fp_trap_1              0x080002b7   Thumb Code     0  libshutdown2.o(.ARM.Collect$$libshutdown$$00000009)
    __rt_lib_shutdown_heap_1                 0x080002b7   Thumb Code     0  libshutdown2.o(.ARM.Collect$$libshutdown$$00000011)
    __rt_lib_shutdown_return                 0x080002b7   Thumb Code     0  libshutdown2.o(.ARM.Collect$$libshutdown$$00000012)
    __rt_lib_shutdown_signal_1               0x080002b7   Thumb Code     0  libshutdown2.o(.ARM.Collect$$libshutdown$$0000000C)
    __rt_lib_shutdown_stdio_1                0x080002b7   Thumb Code     0  libshutdown2.o(.ARM.Collect$$libshutdown$$00000006)
    __rt_lib_shutdown_user_alloc_1           0x080002b7   Thumb Code     0  libshutdown2.o(.ARM.Collect$$libshutdown$$0000000E)
    __rt_entry                               0x080002b9   Thumb Code     0  __rtentry.o(.ARM.Collect$$rtentry$$00000000)
    __rt_entry_presh_1                       0x080002b9   Thumb Code     0  __rtentry2.o(.ARM.Collect$$rtentry$$00000002)
    __rt_entry_sh                            0x080002b9   Thumb Code     0  __rtentry4.o(.ARM.Collect$$rtentry$$00000004)
    __rt_entry_li                            0x080002bf   Thumb Code     0  __rtentry2.o(.ARM.Collect$$rtentry$$0000000A)
    __rt_entry_postsh_1                      0x080002bf   Thumb Code     0  __rtentry2.o(.ARM.Collect$$rtentry$$00000009)
    __rt_entry_main                          0x080002c3   Thumb Code     0  __rtentry2.o(.ARM.Collect$$rtentry$$0000000D)
    __rt_entry_postli_1                      0x080002c3   Thumb Code     0  __rtentry2.o(.ARM.Collect$$rtentry$$0000000C)
    __rt_exit                                0x080002cb   Thumb Code     0  rtexit.o(.ARM.Collect$$rtexit$$00000000)
    __rt_exit_ls                             0x080002cd   Thumb Code     0  rtexit2.o(.ARM.Collect$$rtexit$$00000003)
    __rt_exit_prels_1                        0x080002cd   Thumb Code     0  rtexit2.o(.ARM.Collect$$rtexit$$00000002)
    __rt_exit_exit                           0x080002d1   Thumb Code     0  rtexit2.o(.ARM.Collect$$rtexit$$00000004)
    Reset_Handler                            0x080002d9   Thumb Code     8  startup_stm32l412xx.o(.text)
    ADC1_2_IRQHandler                        0x080002f3   Thumb Code     0  startup_stm32l412xx.o(.text)
    COMP_IRQHandler                          0x080002f3   Thumb Code     0  startup_stm32l412xx.o(.text)
    CRS_IRQHandler                           0x080002f3   Thumb Code     0  startup_stm32l412xx.o(.text)
    DMA1_Channel1_IRQHandler                 0x080002f3   Thumb Code     0  startup_stm32l412xx.o(.text)
    DMA1_Channel2_IRQHandler                 0x080002f3   Thumb Code     0  startup_stm32l412xx.o(.text)
    DMA1_Channel3_IRQHandler                 0x080002f3   Thumb Code     0  startup_stm32l412xx.o(.text)
    DMA1_Channel4_IRQHandler                 0x080002f3   Thumb Code     0  startup_stm32l412xx.o(.text)
    DMA1_Channel5_IRQHandler                 0x080002f3   Thumb Code     0  startup_stm32l412xx.o(.text)
    DMA1_Channel6_IRQHandler                 0x080002f3   Thumb Code     0  startup_stm32l412xx.o(.text)
    DMA1_Channel7_IRQHandler                 0x080002f3   Thumb Code     0  startup_stm32l412xx.o(.text)
    DMA2_Channel1_IRQHandler                 0x080002f3   Thumb Code     0  startup_stm32l412xx.o(.text)
    DMA2_Channel2_IRQHandler                 0x080002f3   Thumb Code     0  startup_stm32l412xx.o(.text)
    DMA2_Channel3_IRQHandler                 0x080002f3   Thumb Code     0  startup_stm32l412xx.o(.text)
    DMA2_Channel4_IRQHandler                 0x080002f3   Thumb Code     0  startup_stm32l412xx.o(.text)
    DMA2_Channel5_IRQHandler                 0x080002f3   Thumb Code     0  startup_stm32l412xx.o(.text)
    DMA2_Channel6_IRQHandler                 0x080002f3   Thumb Code     0  startup_stm32l412xx.o(.text)
    DMA2_Channel7_IRQHandler                 0x080002f3   Thumb Code     0  startup_stm32l412xx.o(.text)
    EXTI15_10_IRQHandler                     0x080002f3   Thumb Code     0  startup_stm32l412xx.o(.text)
    EXTI1_IRQHandler                         0x080002f3   Thumb Code     0  startup_stm32l412xx.o(.text)
    EXTI2_IRQHandler                         0x080002f3   Thumb Code     0  startup_stm32l412xx.o(.text)
    EXTI3_IRQHandler                         0x080002f3   Thumb Code     0  startup_stm32l412xx.o(.text)
    EXTI4_IRQHandler                         0x080002f3   Thumb Code     0  startup_stm32l412xx.o(.text)
    EXTI9_5_IRQHandler                       0x080002f3   Thumb Code     0  startup_stm32l412xx.o(.text)
    FLASH_IRQHandler                         0x080002f3   Thumb Code     0  startup_stm32l412xx.o(.text)
    FPU_IRQHandler                           0x080002f3   Thumb Code     0  startup_stm32l412xx.o(.text)
    I2C1_ER_IRQHandler                       0x080002f3   Thumb Code     0  startup_stm32l412xx.o(.text)
    I2C1_EV_IRQHandler                       0x080002f3   Thumb Code     0  startup_stm32l412xx.o(.text)
    I2C2_ER_IRQHandler                       0x080002f3   Thumb Code     0  startup_stm32l412xx.o(.text)
    I2C2_EV_IRQHandler                       0x080002f3   Thumb Code     0  startup_stm32l412xx.o(.text)
    I2C3_ER_IRQHandler                       0x080002f3   Thumb Code     0  startup_stm32l412xx.o(.text)
    I2C3_EV_IRQHandler                       0x080002f3   Thumb Code     0  startup_stm32l412xx.o(.text)
    LPTIM1_IRQHandler                        0x080002f3   Thumb Code     0  startup_stm32l412xx.o(.text)
    LPTIM2_IRQHandler                        0x080002f3   Thumb Code     0  startup_stm32l412xx.o(.text)
    LPUART1_IRQHandler                       0x080002f3   Thumb Code     0  startup_stm32l412xx.o(.text)
    PVD_PVM_IRQHandler                       0x080002f3   Thumb Code     0  startup_stm32l412xx.o(.text)
    QUADSPI_IRQHandler                       0x080002f3   Thumb Code     0  startup_stm32l412xx.o(.text)
    RCC_IRQHandler                           0x080002f3   Thumb Code     0  startup_stm32l412xx.o(.text)
    RNG_IRQHandler                           0x080002f3   Thumb Code     0  startup_stm32l412xx.o(.text)
    RTC_Alarm_IRQHandler                     0x080002f3   Thumb Code     0  startup_stm32l412xx.o(.text)
    RTC_WKUP_IRQHandler                      0x080002f3   Thumb Code     0  startup_stm32l412xx.o(.text)
    SPI1_IRQHandler                          0x080002f3   Thumb Code     0  startup_stm32l412xx.o(.text)
    SPI2_IRQHandler                          0x080002f3   Thumb Code     0  startup_stm32l412xx.o(.text)
    TAMP_STAMP_IRQHandler                    0x080002f3   Thumb Code     0  startup_stm32l412xx.o(.text)
    TIM1_BRK_TIM15_IRQHandler                0x080002f3   Thumb Code     0  startup_stm32l412xx.o(.text)
    TIM1_CC_IRQHandler                       0x080002f3   Thumb Code     0  startup_stm32l412xx.o(.text)
    TIM1_TRG_COM_IRQHandler                  0x080002f3   Thumb Code     0  startup_stm32l412xx.o(.text)
    TIM1_UP_TIM16_IRQHandler                 0x080002f3   Thumb Code     0  startup_stm32l412xx.o(.text)
    TIM2_IRQHandler                          0x080002f3   Thumb Code     0  startup_stm32l412xx.o(.text)
    TSC_IRQHandler                           0x080002f3   Thumb Code     0  startup_stm32l412xx.o(.text)
    USART1_IRQHandler                        0x080002f3   Thumb Code     0  startup_stm32l412xx.o(.text)
    USART3_IRQHandler                        0x080002f3   Thumb Code     0  startup_stm32l412xx.o(.text)
    USB_IRQHandler                           0x080002f3   Thumb Code     0  startup_stm32l412xx.o(.text)
    WWDG_IRQHandler                          0x080002f3   Thumb Code     0  startup_stm32l412xx.o(.text)
    __user_initial_stackheap                 0x080002f5   Thumb Code     0  startup_stm32l412xx.o(.text)
    __aeabi_uldivmod                         0x08000319   Thumb Code     0  lludivv7m.o(.text)
    _ll_udiv                                 0x08000319   Thumb Code   238  lludivv7m.o(.text)
    sprintf                                  0x08000409   Thumb Code    38  sprintf.o(.text)
    __aeabi_memclr                           0x08000435   Thumb Code     0  rt_memclr.o(.text)
    __rt_memclr                              0x08000435   Thumb Code    68  rt_memclr.o(.text)
    _memset                                  0x08000439   Thumb Code     0  rt_memclr.o(.text)
    __aeabi_memclr4                          0x08000479   Thumb Code     0  rt_memclr_w.o(.text)
    __aeabi_memclr8                          0x08000479   Thumb Code     0  rt_memclr_w.o(.text)
    __rt_memclr_w                            0x08000479   Thumb Code    78  rt_memclr_w.o(.text)
    _memset_w                                0x0800047d   Thumb Code     0  rt_memclr_w.o(.text)
    __use_two_region_memory                  0x080004c7   Thumb Code     2  heapauxi.o(.text)
    __rt_heap_escrow$2region                 0x080004c9   Thumb Code     2  heapauxi.o(.text)
    __rt_heap_expand$2region                 0x080004cb   Thumb Code     2  heapauxi.o(.text)
    __read_errno                             0x080004cd   Thumb Code    10  _rserrno.o(.text)
    __set_errno                              0x080004d7   Thumb Code    12  _rserrno.o(.text)
    _printf_pre_padding                      0x080004e3   Thumb Code    44  _printf_pad.o(.text)
    _printf_post_padding                     0x0800050f   Thumb Code    34  _printf_pad.o(.text)
    _printf_truncate_signed                  0x08000531   Thumb Code    18  _printf_truncate.o(.text)
    _printf_truncate_unsigned                0x08000543   Thumb Code    18  _printf_truncate.o(.text)
    _printf_str                              0x08000555   Thumb Code    82  _printf_str.o(.text)
    _printf_int_dec                          0x080005a9   Thumb Code   104  _printf_dec.o(.text)
    _printf_charcount                        0x08000621   Thumb Code    40  _printf_charcount.o(.text)
    _printf_char_common                      0x08000653   Thumb Code    32  _printf_char_common.o(.text)
    _sputc                                   0x08000679   Thumb Code    10  _sputc.o(.text)
    _printf_wctomb                           0x08000685   Thumb Code   182  _printf_wctomb.o(.text)
    _printf_longlong_dec                     0x08000749   Thumb Code   108  _printf_longlong_dec.o(.text)
    _printf_longlong_oct                     0x080007c5   Thumb Code    66  _printf_oct_int_ll.o(.text)
    _printf_int_oct                          0x08000807   Thumb Code    24  _printf_oct_int_ll.o(.text)
    _printf_ll_oct                           0x0800081f   Thumb Code    12  _printf_oct_int_ll.o(.text)
    _printf_longlong_hex                     0x08000835   Thumb Code    86  _printf_hex_int_ll_ptr.o(.text)
    _printf_int_hex                          0x0800088b   Thumb Code    28  _printf_hex_int_ll_ptr.o(.text)
    _printf_ll_hex                           0x080008a7   Thumb Code    12  _printf_hex_int_ll_ptr.o(.text)
    _printf_hex_ptr                          0x080008b3   Thumb Code    18  _printf_hex_int_ll_ptr.o(.text)
    __printf                                 0x080008c9   Thumb Code   388  __printf_flags_ss_wp.o(.text)
    __strtod_int                             0x08000a95   Thumb Code    90  strtod.o(.text)
    __aeabi_errno_addr                       0x08000afd   Thumb Code     8  rt_errno_addr_intlibspace.o(.text)
    __errno$intlibspace                      0x08000afd   Thumb Code     0  rt_errno_addr_intlibspace.o(.text)
    __rt_errno_addr$intlibspace              0x08000afd   Thumb Code     0  rt_errno_addr_intlibspace.o(.text)
    _ll_udiv10                               0x08000b05   Thumb Code   138  lludiv10.o(.text)
    isspace                                  0x08000b8f   Thumb Code    18  isspace.o(.text)
    _printf_int_common                       0x08000ba1   Thumb Code   178  _printf_intcommon.o(.text)
    __lib_sel_fp_printf                      0x08000c53   Thumb Code     2  _printf_fp_dec.o(.text)
    _printf_fp_dec_real                      0x08000e05   Thumb Code   620  _printf_fp_dec.o(.text)
    _printf_fp_hex_real                      0x08001079   Thumb Code   756  _printf_fp_hex.o(.text)
    _printf_cs_common                        0x0800137b   Thumb Code    20  _printf_char.o(.text)
    _printf_char                             0x0800138f   Thumb Code    16  _printf_char.o(.text)
    _printf_string                           0x0800139f   Thumb Code     8  _printf_char.o(.text)
    _printf_lcs_common                       0x080013a7   Thumb Code    20  _printf_wchar.o(.text)
    _printf_wchar                            0x080013bb   Thumb Code    16  _printf_wchar.o(.text)
    _printf_wstring                          0x080013cb   Thumb Code     8  _printf_wchar.o(.text)
    _sgetc                                   0x080013d3   Thumb Code    30  _sgetc.o(.text)
    _sbackspace                              0x080013f1   Thumb Code    34  _sgetc.o(.text)
    _wcrtomb                                 0x08001413   Thumb Code    64  _wcrtomb.o(.text)
    __user_libspace                          0x08001455   Thumb Code     8  libspace.o(.text)
    __user_perproc_libspace                  0x08001455   Thumb Code     0  libspace.o(.text)
    __user_perthread_libspace                0x08001455   Thumb Code     0  libspace.o(.text)
    __user_setup_stackheap                   0x0800145d   Thumb Code    74  sys_stackheap_outer.o(.text)
    __rt_ctype_table                         0x080014a9   Thumb Code    16  rt_ctype_table.o(.text)
    __rt_locale                              0x080014b9   Thumb Code     8  rt_locale_intlibspace.o(.text)
    _printf_fp_infnan                        0x080014c1   Thumb Code   112  _printf_fp_infnan.o(.text)
    _scanf_really_real                       0x0800178d   Thumb Code   684  scanf_fp.o(.text)
    _btod_etento                             0x08001a49   Thumb Code   224  bigflt0.o(.text)
    exit                                     0x08001b2d   Thumb Code    18  exit.o(.text)
    strcmp                                   0x08001b41   Thumb Code   128  strcmpv7m.o(.text)
    _sys_exit                                0x08001bc1   Thumb Code     8  sys_exit.o(.text)
    _scanf_really_hex_real                   0x08001bcd   Thumb Code   786  scanf_hexfp.o(.text)
    _scanf_really_infnan                     0x08001ef5   Thumb Code   292  scanf_infnan.o(.text)
    __I$use$semihosting                      0x0800202f   Thumb Code     0  use_no_semi.o(.text)
    __use_no_semihosting_swi                 0x0800202f   Thumb Code     2  use_no_semi.o(.text)
    __aeabi_llsl                             0x08002031   Thumb Code     0  llshl.o(.text)
    __semihosting_library_function           0x08002031   Thumb Code     0  indicate_semi.o(.text)
    _ll_shift_l                              0x08002031   Thumb Code    38  llshl.o(.text)
    _chval                                   0x08002057   Thumb Code    28  _chval.o(.text)
    _btod_d2e                                0x08002073   Thumb Code    62  btod.o(CL$$btod_d2e)
    _d2e_denorm_low                          0x080020b1   Thumb Code    70  btod.o(CL$$btod_d2e_denorm_low)
    _d2e_norm_op1                            0x080020f7   Thumb Code    96  btod.o(CL$$btod_d2e_norm_op1)
    __btod_div_common                        0x08002157   Thumb Code   696  btod.o(CL$$btod_div_common)
    _e2d                                     0x08002491   Thumb Code   122  btod.o(CL$$btod_e2d)
    _e2e                                     0x08002515   Thumb Code   220  btod.o(CL$$btod_e2e)
    _btod_ediv                               0x080025f1   Thumb Code    42  btod.o(CL$$btod_ediv)
    _btod_edivd                              0x0800261b   Thumb Code    42  btod.o(CL$$btod_edivd)
    _btod_emul                               0x08002645   Thumb Code    42  btod.o(CL$$btod_emul)
    _btod_emuld                              0x0800266f   Thumb Code    42  btod.o(CL$$btod_emuld)
    __btod_mult_common                       0x08002699   Thumb Code   580  btod.o(CL$$btod_mult_common)
    BusFault_Handler                         0x080028dd   Thumb Code     2  stm32l4xx_it.o(i.BusFault_Handler)
    ControlPID_initialize                    0x080028e1   Thumb Code   260  controlpid.o(i.ControlPID_initialize)
    ControlPID_step                          0x08002a19   Thumb Code   438  controlpid.o(i.ControlPID_step)
    DebugMon_Handler                         0x08002c41   Thumb Code     2  stm32l4xx_it.o(i.DebugMon_Handler)
    EXTI0_Callback                           0x08002c45   Thumb Code    30  controlpid_exti.o(i.EXTI0_Callback)
    EXTI0_IRQHandler                         0x08002c71   Thumb Code     6  stm32l4xx_it.o(i.EXTI0_IRQHandler)
    Error_Handler                            0x08002c77   Thumb Code     4  main.o(i.Error_Handler)
    HAL_DMA_Abort                            0x08002c7b   Thumb Code    74  stm32l4xx_hal_dma.o(i.HAL_DMA_Abort)
    HAL_DMA_Abort_IT                         0x08002cc5   Thumb Code    78  stm32l4xx_hal_dma.o(i.HAL_DMA_Abort_IT)
    HAL_GPIO_EXTI_Callback                   0x08002d15   Thumb Code   164  controlpid_exti.o(i.HAL_GPIO_EXTI_Callback)
    HAL_GPIO_EXTI_IRQHandler                 0x08002dbd   Thumb Code    18  stm32l4xx_hal_gpio.o(i.HAL_GPIO_EXTI_IRQHandler)
    HAL_GPIO_Init                            0x08002dd5   Thumb Code   396  stm32l4xx_hal_gpio.o(i.HAL_GPIO_Init)
    HAL_GPIO_TogglePin                       0x08002f7f   Thumb Code    16  stm32l4xx_hal_gpio.o(i.HAL_GPIO_TogglePin)
    HAL_GPIO_WritePin                        0x08002f8f   Thumb Code    10  stm32l4xx_hal_gpio.o(i.HAL_GPIO_WritePin)
    HAL_GetTick                              0x08002f99   Thumb Code     6  stm32l4xx_hal.o(i.HAL_GetTick)
    HAL_IncTick                              0x08002fa5   Thumb Code    12  stm32l4xx_hal.o(i.HAL_IncTick)
    HAL_Init                                 0x08002fb5   Thumb Code    30  stm32l4xx_hal.o(i.HAL_Init)
    HAL_InitTick                             0x08002fd5   Thumb Code    58  stm32l4xx_hal.o(i.HAL_InitTick)
    HAL_MspInit                              0x08003019   Thumb Code    38  stm32l4xx_hal_msp.o(i.HAL_MspInit)
    HAL_NVIC_EnableIRQ                       0x08003045   Thumb Code    26  stm32l4xx_hal_cortex.o(i.HAL_NVIC_EnableIRQ)
    HAL_NVIC_SetPriority                     0x08003061   Thumb Code    60  stm32l4xx_hal_cortex.o(i.HAL_NVIC_SetPriority)
    HAL_NVIC_SetPriorityGrouping             0x080030a1   Thumb Code    26  stm32l4xx_hal_cortex.o(i.HAL_NVIC_SetPriorityGrouping)
    HAL_PWREx_ControlVoltageScaling          0x080030c5   Thumb Code    90  stm32l4xx_hal_pwr_ex.o(i.HAL_PWREx_ControlVoltageScaling)
    HAL_PWREx_GetVoltageRange                0x0800312d   Thumb Code    10  stm32l4xx_hal_pwr_ex.o(i.HAL_PWREx_GetVoltageRange)
    HAL_RCCEx_PeriphCLKConfig                0x0800313d   Thumb Code   486  stm32l4xx_hal_rcc_ex.o(i.HAL_RCCEx_PeriphCLKConfig)
    HAL_RCC_ClockConfig                      0x0800332d   Thumb Code   266  stm32l4xx_hal_rcc.o(i.HAL_RCC_ClockConfig)
    HAL_RCC_GetPCLK1Freq                     0x0800344d   Thumb Code    24  stm32l4xx_hal_rcc.o(i.HAL_RCC_GetPCLK1Freq)
    HAL_RCC_GetPCLK2Freq                     0x08003471   Thumb Code    24  stm32l4xx_hal_rcc.o(i.HAL_RCC_GetPCLK2Freq)
    HAL_RCC_GetSysClockFreq                  0x08003495   Thumb Code   150  stm32l4xx_hal_rcc.o(i.HAL_RCC_GetSysClockFreq)
    HAL_RCC_OscConfig                        0x08003539   Thumb Code  1470  stm32l4xx_hal_rcc.o(i.HAL_RCC_OscConfig)
    HAL_SYSTICK_Config                       0x08003afd   Thumb Code    40  stm32l4xx_hal_cortex.o(i.HAL_SYSTICK_Config)
    HAL_TIMEx_Break2Callback                 0x08003b25   Thumb Code     2  stm32l4xx_hal_tim_ex.o(i.HAL_TIMEx_Break2Callback)
    HAL_TIMEx_BreakCallback                  0x08003b27   Thumb Code     2  stm32l4xx_hal_tim_ex.o(i.HAL_TIMEx_BreakCallback)
    HAL_TIMEx_CommutCallback                 0x08003b29   Thumb Code     2  stm32l4xx_hal_tim_ex.o(i.HAL_TIMEx_CommutCallback)
    HAL_TIMEx_ConfigBreakDeadTime            0x08003b2d   Thumb Code   126  stm32l4xx_hal_tim_ex.o(i.HAL_TIMEx_ConfigBreakDeadTime)
    HAL_TIMEx_MasterConfigSynchronization    0x08003bb1   Thumb Code    98  stm32l4xx_hal_tim_ex.o(i.HAL_TIMEx_MasterConfigSynchronization)
    HAL_TIM_Base_Init                        0x08003c1d   Thumb Code    98  stm32l4xx_hal_tim.o(i.HAL_TIM_Base_Init)
    HAL_TIM_Base_MspInit                     0x08003c81   Thumb Code    50  tim.o(i.HAL_TIM_Base_MspInit)
    HAL_TIM_Base_Start_IT                    0x08003cbd   Thumb Code    76  stm32l4xx_hal_tim.o(i.HAL_TIM_Base_Start_IT)
    HAL_TIM_GenerateEvent                    0x08003d15   Thumb Code    38  stm32l4xx_hal_tim.o(i.HAL_TIM_GenerateEvent)
    HAL_TIM_IC_CaptureCallback               0x08003d3b   Thumb Code     2  stm32l4xx_hal_tim.o(i.HAL_TIM_IC_CaptureCallback)
    HAL_TIM_IRQHandler                       0x08003d3d   Thumb Code   388  stm32l4xx_hal_tim.o(i.HAL_TIM_IRQHandler)
    HAL_TIM_MspPostInit                      0x08003ec1   Thumb Code    72  tim.o(i.HAL_TIM_MspPostInit)
    HAL_TIM_OC_DelayElapsedCallback          0x08003f11   Thumb Code     2  stm32l4xx_hal_tim.o(i.HAL_TIM_OC_DelayElapsedCallback)
    HAL_TIM_PWM_ConfigChannel                0x08003f13   Thumb Code   286  stm32l4xx_hal_tim.o(i.HAL_TIM_PWM_ConfigChannel)
    HAL_TIM_PWM_Init                         0x08004031   Thumb Code    98  stm32l4xx_hal_tim.o(i.HAL_TIM_PWM_Init)
    HAL_TIM_PWM_MspInit                      0x08004095   Thumb Code    30  tim.o(i.HAL_TIM_PWM_MspInit)
    HAL_TIM_PWM_PulseFinishedCallback        0x080040bd   Thumb Code     2  stm32l4xx_hal_tim.o(i.HAL_TIM_PWM_PulseFinishedCallback)
    HAL_TIM_PWM_Start                        0x080040c1   Thumb Code   190  stm32l4xx_hal_tim.o(i.HAL_TIM_PWM_Start)
    HAL_TIM_PeriodElapsedCallback            0x08004191   Thumb Code     4  controlpid_tim.o(i.HAL_TIM_PeriodElapsedCallback)
    HAL_TIM_TriggerCallback                  0x08004195   Thumb Code     2  stm32l4xx_hal_tim.o(i.HAL_TIM_TriggerCallback)
    HAL_UARTEx_RxEventCallback               0x08004197   Thumb Code     2  stm32l4xx_hal_uart.o(i.HAL_UARTEx_RxEventCallback)
    HAL_UARTEx_WakeupCallback                0x08004199   Thumb Code     2  stm32l4xx_hal_uart_ex.o(i.HAL_UARTEx_WakeupCallback)
    HAL_UART_ErrorCallback                   0x0800419b   Thumb Code     2  stm32l4xx_hal_uart.o(i.HAL_UART_ErrorCallback)
    HAL_UART_IRQHandler                      0x0800419d   Thumb Code   562  stm32l4xx_hal_uart.o(i.HAL_UART_IRQHandler)
    HAL_UART_Init                            0x080043d9   Thumb Code   102  stm32l4xx_hal_uart.o(i.HAL_UART_Init)
    HAL_UART_MspInit                         0x08004441   Thumb Code   152  usart.o(i.HAL_UART_MspInit)
    HAL_UART_Receive_IT                      0x080044e1   Thumb Code    68  stm32l4xx_hal_uart.o(i.HAL_UART_Receive_IT)
    HAL_UART_RxCpltCallback                  0x08004529   Thumb Code    68  main.o(i.HAL_UART_RxCpltCallback)
    HAL_UART_Transmit_IT                     0x08004581   Thumb Code    94  stm32l4xx_hal_uart.o(i.HAL_UART_Transmit_IT)
    HAL_UART_TxCpltCallback                  0x080045e9   Thumb Code    62  controlpid_usart.o(i.HAL_UART_TxCpltCallback)
    HardFault_Handler                        0x0800462d   Thumb Code     2  stm32l4xx_it.o(i.HardFault_Handler)
    MX_GPIO_Init                             0x08004631   Thumb Code   118  gpio.o(i.MX_GPIO_Init)
    MX_TIM15_Init                            0x080046b5   Thumb Code   152  tim.o(i.MX_TIM15_Init)
    MX_TIM6_Init                             0x08004755   Thumb Code    62  tim.o(i.MX_TIM6_Init)
    MX_USART2_UART_Init                      0x0800479d   Thumb Code    52  usart.o(i.MX_USART2_UART_Init)
    MemManage_Handler                        0x080047d9   Thumb Code     2  stm32l4xx_it.o(i.MemManage_Handler)
    NMI_Handler                              0x080047db   Thumb Code     2  stm32l4xx_it.o(i.NMI_Handler)
    PendSV_Handler                           0x080047dd   Thumb Code     2  stm32l4xx_it.o(i.PendSV_Handler)
    SVC_Handler                              0x0800485d   Thumb Code     2  stm32l4xx_it.o(i.SVC_Handler)
    SysTick_Handler                          0x0800488d   Thumb Code    16  stm32l4xx_it.o(i.SysTick_Handler)
    SystemClock_Config                       0x080048a1   Thumb Code   112  main.o(i.SystemClock_Config)
    SystemInit                               0x08004911   Thumb Code    48  system_stm32l4xx.o(i.SystemInit)
    TIM6_IRQHandler                          0x0800494d   Thumb Code     6  stm32l4xx_it.o(i.TIM6_IRQHandler)
    TIM6_ItUpFcn                             0x08004959   Thumb Code   184  controlpid_tim.o(i.TIM6_ItUpFcn)
    TIM_Base_SetConfig                       0x08004a49   Thumb Code    94  stm32l4xx_hal_tim.o(i.TIM_Base_SetConfig)
    TIM_CCxChannelCmd                        0x08004ab5   Thumb Code    26  stm32l4xx_hal_tim.o(i.TIM_CCxChannelCmd)
    TIM_OC2_SetConfig                        0x08004b49   Thumb Code   102  stm32l4xx_hal_tim.o(i.TIM_OC2_SetConfig)
    TIM_PeriodElapsedCustomCallback          0x08004d4d   Thumb Code    54  controlpid_tim.o(i.TIM_PeriodElapsedCustomCallback)
    TX_CopyData                              0x08004d89   Thumb Code   106  controlpid_usart.o(i.TX_CopyData)
    UART_AdvFeatureConfig                    0x08004df3   Thumb Code   200  stm32l4xx_hal_uart.o(i.UART_AdvFeatureConfig)
    UART_CheckIdleState                      0x08004ebb   Thumb Code    92  stm32l4xx_hal_uart.o(i.UART_CheckIdleState)
    UART_SetConfig                           0x08005055   Thumb Code   478  stm32l4xx_hal_uart.o(i.UART_SetConfig)
    UART_Start_Receive_IT                    0x08005255   Thumb Code   134  stm32l4xx_hal_uart.o(i.UART_Start_Receive_IT)
    UART_WaitOnFlagUntilTimeout              0x08005361   Thumb Code   164  stm32l4xx_hal_uart.o(i.UART_WaitOnFlagUntilTimeout)
    USART2_IRQHandler                        0x08005405   Thumb Code     6  stm32l4xx_it.o(i.USART2_IRQHandler)
    USART2_TX_SendData                       0x08005411   Thumb Code    48  controlpid_usart.o(i.USART2_TX_SendData)
    USART2_Tx_Initialization                 0x08005445   Thumb Code    68  controlpid_usart.o(i.USART2_Tx_Initialization)
    UsageFault_Handler                       0x0800549d   Thumb Code     2  stm32l4xx_it.o(i.UsageFault_Handler)
    __ARM_fpclassify                         0x0800549f   Thumb Code    48  fpclassify.o(i.__ARM_fpclassify)
    __hardfp___mathlib_tofloat               0x080054f1   Thumb Code   232  narrow.o(i.__hardfp___mathlib_tofloat)
    __hardfp_atof                            0x080055e9   Thumb Code    44  atof.o(i.__hardfp_atof)
    __hardfp_ldexp                           0x08005621   Thumb Code   200  ldexp.o(i.__hardfp_ldexp)
    __mathlib_dbl_overflow                   0x080056f1   Thumb Code    24  dunder.o(i.__mathlib_dbl_overflow)
    __mathlib_dbl_underflow                  0x08005711   Thumb Code    24  dunder.o(i.__mathlib_dbl_underflow)
    __mathlib_narrow                         0x08005731   Thumb Code    18  narrow.o(i.__mathlib_narrow)
    __support_ldexp                          0x08005743   Thumb Code    20  ldexp.o(i.__support_ldexp)
    _is_digit                                0x08005757   Thumb Code    14  __printf_wp.o(i._is_digit)
    frexp                                    0x08005769   Thumb Code   118  frexp.o(i.frexp)
    getBuffPtr                               0x080057f5   Thumb Code     2  getbuffptr.o(i.getBuffPtr)
    main                                     0x080057f9   Thumb Code   212  main.o(i.main)
    _get_lc_numeric                          0x080058f9   Thumb Code    44  lc_numeric_c.o(locale$$code)
    _get_lc_ctype                            0x08005925   Thumb Code    44  lc_ctype_c.o(locale$$code)
    __aeabi_d2f                              0x08005951   Thumb Code     0  d2f.o(x$fpl$d2f)
    _d2f                                     0x08005951   Thumb Code    98  d2f.o(x$fpl$d2f)
    __aeabi_dadd                             0x080059b5   Thumb Code     0  daddsub_clz.o(x$fpl$dadd)
    _dadd                                    0x080059b5   Thumb Code   332  daddsub_clz.o(x$fpl$dadd)
    __fpl_dcheck_NaN1                        0x08005b05   Thumb Code    10  dcheck1.o(x$fpl$dcheck1)
    __fpl_dcmp_Inf                           0x08005b15   Thumb Code    24  dcmpi.o(x$fpl$dcmpinf)
    __aeabi_ddiv                             0x08005b2d   Thumb Code     0  ddiv.o(x$fpl$ddiv)
    _ddiv                                    0x08005b2d   Thumb Code   552  ddiv.o(x$fpl$ddiv)
    __aeabi_cdcmpeq                          0x08005ddd   Thumb Code     0  deqf.o(x$fpl$deqf)
    _dcmpeq                                  0x08005ddd   Thumb Code   120  deqf.o(x$fpl$deqf)
    __aeabi_d2iz                             0x08005e55   Thumb Code     0  dfix.o(x$fpl$dfix)
    _dfix                                    0x08005e55   Thumb Code    94  dfix.o(x$fpl$dfix)
    __aeabi_d2uiz                            0x08005eb5   Thumb Code     0  dfixu.o(x$fpl$dfixu)
    _dfixu                                   0x08005eb5   Thumb Code    90  dfixu.o(x$fpl$dfixu)
    __aeabi_i2d                              0x08005f0f   Thumb Code     0  dflt_clz.o(x$fpl$dflt)
    _dflt                                    0x08005f0f   Thumb Code    46  dflt_clz.o(x$fpl$dflt)
    __aeabi_ui2d                             0x08005f3d   Thumb Code     0  dflt_clz.o(x$fpl$dfltu)
    _dfltu                                   0x08005f3d   Thumb Code    38  dflt_clz.o(x$fpl$dfltu)
    __aeabi_cdcmple                          0x08005f65   Thumb Code     0  dleqf.o(x$fpl$dleqf)
    _dcmple                                  0x08005f65   Thumb Code   120  dleqf.o(x$fpl$dleqf)
    __fpl_dcmple_InfNaN                      0x08005fc7   Thumb Code     0  dleqf.o(x$fpl$dleqf)
    __aeabi_dmul                             0x08005fdd   Thumb Code     0  dmul.o(x$fpl$dmul)
    _dmul                                    0x08005fdd   Thumb Code   332  dmul.o(x$fpl$dmul)
    __fpl_dnaninf                            0x08006131   Thumb Code   156  dnaninf.o(x$fpl$dnaninf)
    __fpl_dretinf                            0x080061cd   Thumb Code    12  dretinf.o(x$fpl$dretinf)
    __aeabi_cdrcmple                         0x080061d9   Thumb Code     0  drleqf.o(x$fpl$drleqf)
    _drcmple                                 0x080061d9   Thumb Code   108  drleqf.o(x$fpl$drleqf)
    __aeabi_dsub                             0x08006245   Thumb Code     0  daddsub_clz.o(x$fpl$dsub)
    _dsub                                    0x08006245   Thumb Code   464  daddsub_clz.o(x$fpl$dsub)
    _fp_init                                 0x08006419   Thumb Code    10  fpinit.o(x$fpl$fpinit)
    __fplib_config_fpu_vfp                   0x08006421   Thumb Code     0  fpinit.o(x$fpl$fpinit)
    __fplib_config_pureend_doubles           0x08006421   Thumb Code     0  fpinit.o(x$fpl$fpinit)
    __fpl_fretinf                            0x08006423   Thumb Code    10  fretinf.o(x$fpl$fretinf)
    __ieee_status                            0x0800642d   Thumb Code     6  istatus.o(x$fpl$ieeestatus)
    _printf_fp_dec                           0x08006433   Thumb Code     4  printf1.o(x$fpl$printf1)
    _printf_fp_hex                           0x08006437   Thumb Code     4  printf2.o(x$fpl$printf2)
    __fpl_return_NaN                         0x0800643b   Thumb Code   100  retnan.o(x$fpl$retnan)
    __ARM_scalbn                             0x0800649f   Thumb Code    92  scalbn.o(x$fpl$scalbn)
    _scanf_real                              0x080064fb   Thumb Code     4  scanf1.o(x$fpl$scanf1)
    _scanf_hex_real                          0x080064ff   Thumb Code     4  scanf2.o(x$fpl$scanf2)
    _scanf_infnan                            0x08006503   Thumb Code     4  scanf2.o(x$fpl$scanf2)
    __fpl_cmpreturn                          0x08006507   Thumb Code    48  trapv.o(x$fpl$trapveneer)
    __I$use$fp                               0x08006536   Number         0  usenofp.o(x$fpl$usenofp)
    AHBPrescTable                            0x08006538   Data          16  system_stm32l4xx.o(.constdata)
    MSIRangeTable                            0x08006548   Data          48  system_stm32l4xx.o(.constdata)
    APBPrescTable                            0x08006578   Data           8  system_stm32l4xx.o(.constdata)
    ControlPID_M                             0x08006580   Data           4  controlpid.o(.constdata)
    Region$$Table$$Base                      0x0800668c   Number         0  anon$$obj.o(Region$$Table)
    Region$$Table$$Limit                     0x080066ac   Number         0  anon$$obj.o(Region$$Table)
    __aeabi_HUGE_VAL                         0x080066ac   Data           0  fpconst.o(c$$dinf)
    __aeabi_HUGE_VALL                        0x080066ac   Data           0  fpconst.o(c$$dinf)
    __aeabi_INFINITY                         0x080066ac   Data           0  fpconst.o(c$$dinf)
    __dInf                                   0x080066ac   Data           0  fpconst.o(c$$dinf)
    __huge_val                               0x080066ac   Data           0  fpconst.o(c$$dinf)
    __dbl_max                                0x080066b4   Data           0  fpconst.o(c$$dmax)
    __ctype                                  0x080066e5   Data           0  lc_ctype_c.o(locale$$data)
    byte                                     0x20000001   Data           1  main.o(.data)
    i                                        0x20000002   Data           1  main.o(.data)
    remainAutoReloadTimerLoopVal_S           0x20000008   Data           4  main.o(.data)
    uwTickFreq                               0x2000000c   Data           1  stm32l4xx_hal.o(.data)
    uwTickPrio                               0x20000010   Data           4  stm32l4xx_hal.o(.data)
    uwTick                                   0x20000014   Data           4  stm32l4xx_hal.o(.data)
    SystemCoreClock                          0x20000018   Data           4  system_stm32l4xx.o(.data)
    GPIOB_maskWrite                          0x2000001c   Data           2  controlpid.o(.data)
    ControlPID_M_                            0x20000020   Data           4  controlpid.o(.data)
    G_TIM_Count                              0x20000024   Data           2  controlpid_tim.o(.data)
    G_TIM_Conf                               0x20000028   Data           8  controlpid_tim.o(.data)
    G_TIM_Handler                            0x20000030   Data           8  controlpid_tim.o(.data)
    G_SERIAL_TX_Count                        0x20000038   Data           2  controlpid_usart.o(.data)
    G_SERIAL_TX_Conf                         0x2000003c   Data           4  controlpid_usart.o(.data)
    G_SERIAL_TX_Handler                      0x20000040   Data           4  controlpid_usart.o(.data)
    buffer                                   0x20000044   Data         100  main.o(.bss)
    htim6                                    0x200000a8   Data          76  tim.o(.bss)
    htim15                                   0x200000f4   Data          76  tim.o(.bss)
    huart2                                   0x20000140   Data         132  usart.o(.bss)
    ControlPID_B                             0x200001c8   Data          16  controlpid.o(.bss)
    ControlPID_DW                            0x200001d8   Data          48  controlpid.o(.bss)
    EXTI_Callback                            0x20000208   Data          64  controlpid_exti.o(.bss)
    TIM15_Conf                               0x20000248   Data         148  controlpid_tim.o(.bss)
    TIM6_Conf                                0x200002dc   Data         148  controlpid_tim.o(.bss)
    USART2_TxConf                            0x20000570   Data          36  controlpid_usart.o(.bss)
    __libspace_start                         0x20000594   Data          96  libspace.o(.bss)
    __temporary_stack_top$libspace           0x200005f4   Data           0  libspace.o(.bss)



==============================================================================

Memory Map of the image

  Image Entry point : 0x0800018d

  Load Region LR_IROM1 (Base: 0x08000000, Size: 0x0000682c, Max: 0x00020000, ABSOLUTE)

    Execution Region ER_IROM1 (Exec base: 0x08000000, Load base: 0x08000000, Size: 0x000067e8, Max: 0x00020000, ABSOLUTE)

    Exec Addr    Load Addr    Size         Type   Attr      Idx    E Section Name        Object

    0x08000000   0x08000000   0x0000018c   Data   RO            3    RESET               startup_stm32l412xx.o
    0x0800018c   0x0800018c   0x00000008   Code   RO         4129  * !!!main             c_w.l(__main.o)
    0x08000194   0x08000194   0x00000034   Code   RO         4598    !!!scatter          c_w.l(__scatter.o)
    0x080001c8   0x080001c8   0x0000001a   Code   RO         4600    !!handler_copy      c_w.l(__scatter_copy.o)
    0x080001e2   0x080001e2   0x00000002   PAD
    0x080001e4   0x080001e4   0x0000001c   Code   RO         4602    !!handler_zi        c_w.l(__scatter_zi.o)
    0x08000200   0x08000200   0x00000000   Code   RO         4257    .ARM.Collect$$_printf_percent$$00000000  c_w.l(_printf_percent.o)
    0x08000200   0x08000200   0x00000006   Code   RO         4246    .ARM.Collect$$_printf_percent$$00000001  c_w.l(_printf_n.o)
    0x08000206   0x08000206   0x00000006   Code   RO         4248    .ARM.Collect$$_printf_percent$$00000002  c_w.l(_printf_p.o)
    0x0800020c   0x0800020c   0x00000006   Code   RO         4253    .ARM.Collect$$_printf_percent$$00000003  c_w.l(_printf_f.o)
    0x08000212   0x08000212   0x00000006   Code   RO         4254    .ARM.Collect$$_printf_percent$$00000004  c_w.l(_printf_e.o)
    0x08000218   0x08000218   0x00000006   Code   RO         4255    .ARM.Collect$$_printf_percent$$00000005  c_w.l(_printf_g.o)
    0x0800021e   0x0800021e   0x00000006   Code   RO         4256    .ARM.Collect$$_printf_percent$$00000006  c_w.l(_printf_a.o)
    0x08000224   0x08000224   0x0000000a   Code   RO         4261    .ARM.Collect$$_printf_percent$$00000007  c_w.l(_printf_ll.o)
    0x0800022e   0x0800022e   0x00000006   Code   RO         4250    .ARM.Collect$$_printf_percent$$00000008  c_w.l(_printf_i.o)
    0x08000234   0x08000234   0x00000006   Code   RO         4251    .ARM.Collect$$_printf_percent$$00000009  c_w.l(_printf_d.o)
    0x0800023a   0x0800023a   0x00000006   Code   RO         4252    .ARM.Collect$$_printf_percent$$0000000A  c_w.l(_printf_u.o)
    0x08000240   0x08000240   0x00000006   Code   RO         4249    .ARM.Collect$$_printf_percent$$0000000B  c_w.l(_printf_o.o)
    0x08000246   0x08000246   0x00000006   Code   RO         4247    .ARM.Collect$$_printf_percent$$0000000C  c_w.l(_printf_x.o)
    0x0800024c   0x0800024c   0x00000006   Code   RO         4258    .ARM.Collect$$_printf_percent$$0000000D  c_w.l(_printf_lli.o)
    0x08000252   0x08000252   0x00000006   Code   RO         4259    .ARM.Collect$$_printf_percent$$0000000E  c_w.l(_printf_lld.o)
    0x08000258   0x08000258   0x00000006   Code   RO         4260    .ARM.Collect$$_printf_percent$$0000000F  c_w.l(_printf_llu.o)
    0x0800025e   0x0800025e   0x00000006   Code   RO         4265    .ARM.Collect$$_printf_percent$$00000010  c_w.l(_printf_llo.o)
    0x08000264   0x08000264   0x00000006   Code   RO         4266    .ARM.Collect$$_printf_percent$$00000011  c_w.l(_printf_llx.o)
    0x0800026a   0x0800026a   0x0000000a   Code   RO         4262    .ARM.Collect$$_printf_percent$$00000012  c_w.l(_printf_l.o)
    0x08000274   0x08000274   0x00000006   Code   RO         4244    .ARM.Collect$$_printf_percent$$00000013  c_w.l(_printf_c.o)
    0x0800027a   0x0800027a   0x00000006   Code   RO         4245    .ARM.Collect$$_printf_percent$$00000014  c_w.l(_printf_s.o)
    0x08000280   0x08000280   0x00000006   Code   RO         4263    .ARM.Collect$$_printf_percent$$00000015  c_w.l(_printf_lc.o)
    0x08000286   0x08000286   0x00000006   Code   RO         4264    .ARM.Collect$$_printf_percent$$00000016  c_w.l(_printf_ls.o)
    0x0800028c   0x0800028c   0x00000004   Code   RO         4323    .ARM.Collect$$_printf_percent$$00000017  c_w.l(_printf_percent_end.o)
    0x08000290   0x08000290   0x00000002   Code   RO         4387    .ARM.Collect$$libinit$$00000000  c_w.l(libinit.o)
    0x08000292   0x08000292   0x00000004   Code   RO         4388    .ARM.Collect$$libinit$$00000001  c_w.l(libinit2.o)
    0x08000296   0x08000296   0x00000000   Code   RO         4391    .ARM.Collect$$libinit$$00000004  c_w.l(libinit2.o)
    0x08000296   0x08000296   0x00000000   Code   RO         4394    .ARM.Collect$$libinit$$0000000A  c_w.l(libinit2.o)
    0x08000296   0x08000296   0x00000000   Code   RO         4396    .ARM.Collect$$libinit$$0000000C  c_w.l(libinit2.o)
    0x08000296   0x08000296   0x00000000   Code   RO         4398    .ARM.Collect$$libinit$$0000000E  c_w.l(libinit2.o)
    0x08000296   0x08000296   0x00000006   Code   RO         4399    .ARM.Collect$$libinit$$0000000F  c_w.l(libinit2.o)
    0x0800029c   0x0800029c   0x00000000   Code   RO         4401    .ARM.Collect$$libinit$$00000011  c_w.l(libinit2.o)
    0x0800029c   0x0800029c   0x0000000c   Code   RO         4402    .ARM.Collect$$libinit$$00000012  c_w.l(libinit2.o)
    0x080002a8   0x080002a8   0x00000000   Code   RO         4403    .ARM.Collect$$libinit$$00000013  c_w.l(libinit2.o)
    0x080002a8   0x080002a8   0x00000000   Code   RO         4405    .ARM.Collect$$libinit$$00000015  c_w.l(libinit2.o)
    0x080002a8   0x080002a8   0x0000000a   Code   RO         4406    .ARM.Collect$$libinit$$00000016  c_w.l(libinit2.o)
    0x080002b2   0x080002b2   0x00000000   Code   RO         4407    .ARM.Collect$$libinit$$00000017  c_w.l(libinit2.o)
    0x080002b2   0x080002b2   0x00000000   Code   RO         4409    .ARM.Collect$$libinit$$00000019  c_w.l(libinit2.o)
    0x080002b2   0x080002b2   0x00000000   Code   RO         4411    .ARM.Collect$$libinit$$0000001B  c_w.l(libinit2.o)
    0x080002b2   0x080002b2   0x00000000   Code   RO         4413    .ARM.Collect$$libinit$$0000001D  c_w.l(libinit2.o)
    0x080002b2   0x080002b2   0x00000000   Code   RO         4415    .ARM.Collect$$libinit$$0000001F  c_w.l(libinit2.o)
    0x080002b2   0x080002b2   0x00000000   Code   RO         4417    .ARM.Collect$$libinit$$00000021  c_w.l(libinit2.o)
    0x080002b2   0x080002b2   0x00000000   Code   RO         4419    .ARM.Collect$$libinit$$00000023  c_w.l(libinit2.o)
    0x080002b2   0x080002b2   0x00000000   Code   RO         4421    .ARM.Collect$$libinit$$00000025  c_w.l(libinit2.o)
    0x080002b2   0x080002b2   0x00000000   Code   RO         4425    .ARM.Collect$$libinit$$0000002C  c_w.l(libinit2.o)
    0x080002b2   0x080002b2   0x00000000   Code   RO         4427    .ARM.Collect$$libinit$$0000002E  c_w.l(libinit2.o)
    0x080002b2   0x080002b2   0x00000000   Code   RO         4429    .ARM.Collect$$libinit$$00000030  c_w.l(libinit2.o)
    0x080002b2   0x080002b2   0x00000000   Code   RO         4431    .ARM.Collect$$libinit$$00000032  c_w.l(libinit2.o)
    0x080002b2   0x080002b2   0x00000002   Code   RO         4432    .ARM.Collect$$libinit$$00000033  c_w.l(libinit2.o)
    0x080002b4   0x080002b4   0x00000002   Code   RO         4520    .ARM.Collect$$libshutdown$$00000000  c_w.l(libshutdown.o)
    0x080002b6   0x080002b6   0x00000000   Code   RO         4556    .ARM.Collect$$libshutdown$$00000002  c_w.l(libshutdown2.o)
    0x080002b6   0x080002b6   0x00000000   Code   RO         4558    .ARM.Collect$$libshutdown$$00000004  c_w.l(libshutdown2.o)
    0x080002b6   0x080002b6   0x00000000   Code   RO         4560    .ARM.Collect$$libshutdown$$00000006  c_w.l(libshutdown2.o)
    0x080002b6   0x080002b6   0x00000000   Code   RO         4563    .ARM.Collect$$libshutdown$$00000009  c_w.l(libshutdown2.o)
    0x080002b6   0x080002b6   0x00000000   Code   RO         4566    .ARM.Collect$$libshutdown$$0000000C  c_w.l(libshutdown2.o)
    0x080002b6   0x080002b6   0x00000000   Code   RO         4568    .ARM.Collect$$libshutdown$$0000000E  c_w.l(libshutdown2.o)
    0x080002b6   0x080002b6   0x00000000   Code   RO         4571    .ARM.Collect$$libshutdown$$00000011  c_w.l(libshutdown2.o)
    0x080002b6   0x080002b6   0x00000002   Code   RO         4572    .ARM.Collect$$libshutdown$$00000012  c_w.l(libshutdown2.o)
    0x080002b8   0x080002b8   0x00000000   Code   RO         4169    .ARM.Collect$$rtentry$$00000000  c_w.l(__rtentry.o)
    0x080002b8   0x080002b8   0x00000000   Code   RO         4285    .ARM.Collect$$rtentry$$00000002  c_w.l(__rtentry2.o)
    0x080002b8   0x080002b8   0x00000006   Code   RO         4297    .ARM.Collect$$rtentry$$00000004  c_w.l(__rtentry4.o)
    0x080002be   0x080002be   0x00000000   Code   RO         4287    .ARM.Collect$$rtentry$$00000009  c_w.l(__rtentry2.o)
    0x080002be   0x080002be   0x00000004   Code   RO         4288    .ARM.Collect$$rtentry$$0000000A  c_w.l(__rtentry2.o)
    0x080002c2   0x080002c2   0x00000000   Code   RO         4290    .ARM.Collect$$rtentry$$0000000C  c_w.l(__rtentry2.o)
    0x080002c2   0x080002c2   0x00000008   Code   RO         4291    .ARM.Collect$$rtentry$$0000000D  c_w.l(__rtentry2.o)
    0x080002ca   0x080002ca   0x00000002   Code   RO         4437    .ARM.Collect$$rtexit$$00000000  c_w.l(rtexit.o)
    0x080002cc   0x080002cc   0x00000000   Code   RO         4473    .ARM.Collect$$rtexit$$00000002  c_w.l(rtexit2.o)
    0x080002cc   0x080002cc   0x00000004   Code   RO         4474    .ARM.Collect$$rtexit$$00000003  c_w.l(rtexit2.o)
    0x080002d0   0x080002d0   0x00000006   Code   RO         4475    .ARM.Collect$$rtexit$$00000004  c_w.l(rtexit2.o)
    0x080002d6   0x080002d6   0x00000002   PAD
    0x080002d8   0x080002d8   0x00000040   Code   RO            4    .text               startup_stm32l412xx.o
    0x08000318   0x08000318   0x000000ee   Code   RO         4119    .text               c_w.l(lludivv7m.o)
    0x08000406   0x08000406   0x00000002   PAD
    0x08000408   0x08000408   0x0000002c   Code   RO         4121    .text               c_w.l(sprintf.o)
    0x08000434   0x08000434   0x00000044   Code   RO         4123    .text               c_w.l(rt_memclr.o)
    0x08000478   0x08000478   0x0000004e   Code   RO         4125    .text               c_w.l(rt_memclr_w.o)
    0x080004c6   0x080004c6   0x00000006   Code   RO         4127    .text               c_w.l(heapauxi.o)
    0x080004cc   0x080004cc   0x00000016   Code   RO         4174    .text               c_w.l(_rserrno.o)
    0x080004e2   0x080004e2   0x0000004e   Code   RO         4178    .text               c_w.l(_printf_pad.o)
    0x08000530   0x08000530   0x00000024   Code   RO         4180    .text               c_w.l(_printf_truncate.o)
    0x08000554   0x08000554   0x00000052   Code   RO         4182    .text               c_w.l(_printf_str.o)
    0x080005a6   0x080005a6   0x00000002   PAD
    0x080005a8   0x080005a8   0x00000078   Code   RO         4184    .text               c_w.l(_printf_dec.o)
    0x08000620   0x08000620   0x00000028   Code   RO         4186    .text               c_w.l(_printf_charcount.o)
    0x08000648   0x08000648   0x00000030   Code   RO         4188    .text               c_w.l(_printf_char_common.o)
    0x08000678   0x08000678   0x0000000a   Code   RO         4190    .text               c_w.l(_sputc.o)
    0x08000682   0x08000682   0x00000002   PAD
    0x08000684   0x08000684   0x000000c2   Code   RO         4192    .text               c_w.l(_printf_wctomb.o)
    0x08000746   0x08000746   0x00000002   PAD
    0x08000748   0x08000748   0x0000007c   Code   RO         4195    .text               c_w.l(_printf_longlong_dec.o)
    0x080007c4   0x080007c4   0x00000070   Code   RO         4201    .text               c_w.l(_printf_oct_int_ll.o)
    0x08000834   0x08000834   0x00000094   Code   RO         4221    .text               c_w.l(_printf_hex_int_ll_ptr.o)
    0x080008c8   0x080008c8   0x0000018e   Code   RO         4241    .text               c_w.l(__printf_flags_ss_wp.o)
    0x08000a56   0x08000a56   0x00000002   PAD
    0x08000a58   0x08000a58   0x000000a4   Code   RO         4267    .text               c_w.l(strtod.o)
    0x08000afc   0x08000afc   0x00000008   Code   RO         4304    .text               c_w.l(rt_errno_addr_intlibspace.o)
    0x08000b04   0x08000b04   0x0000008a   Code   RO         4306    .text               c_w.l(lludiv10.o)
    0x08000b8e   0x08000b8e   0x00000012   Code   RO         4308    .text               c_w.l(isspace.o)
    0x08000ba0   0x08000ba0   0x000000b2   Code   RO         4310    .text               c_w.l(_printf_intcommon.o)
    0x08000c52   0x08000c52   0x00000424   Code   RO         4312    .text               c_w.l(_printf_fp_dec.o)
    0x08001076   0x08001076   0x00000002   PAD
    0x08001078   0x08001078   0x00000302   Code   RO         4314    .text               c_w.l(_printf_fp_hex.o)
    0x0800137a   0x0800137a   0x0000002c   Code   RO         4319    .text               c_w.l(_printf_char.o)
    0x080013a6   0x080013a6   0x0000002c   Code   RO         4321    .text               c_w.l(_printf_wchar.o)
    0x080013d2   0x080013d2   0x00000040   Code   RO         4324    .text               c_w.l(_sgetc.o)
    0x08001412   0x08001412   0x00000040   Code   RO         4326    .text               c_w.l(_wcrtomb.o)
    0x08001452   0x08001452   0x00000002   PAD
    0x08001454   0x08001454   0x00000008   Code   RO         4333    .text               c_w.l(libspace.o)
    0x0800145c   0x0800145c   0x0000004a   Code   RO         4336    .text               c_w.l(sys_stackheap_outer.o)
    0x080014a6   0x080014a6   0x00000002   PAD
    0x080014a8   0x080014a8   0x00000010   Code   RO         4338    .text               c_w.l(rt_ctype_table.o)
    0x080014b8   0x080014b8   0x00000008   Code   RO         4343    .text               c_w.l(rt_locale_intlibspace.o)
    0x080014c0   0x080014c0   0x00000080   Code   RO         4345    .text               c_w.l(_printf_fp_infnan.o)
    0x08001540   0x08001540   0x00000508   Code   RO         4347    .text               c_w.l(scanf_fp.o)
    0x08001a48   0x08001a48   0x000000e4   Code   RO         4349    .text               c_w.l(bigflt0.o)
    0x08001b2c   0x08001b2c   0x00000012   Code   RO         4374    .text               c_w.l(exit.o)
    0x08001b3e   0x08001b3e   0x00000002   PAD
    0x08001b40   0x08001b40   0x00000080   Code   RO         4380    .text               c_w.l(strcmpv7m.o)
    0x08001bc0   0x08001bc0   0x0000000c   Code   RO         4470    .text               c_w.l(sys_exit.o)
    0x08001bcc   0x08001bcc   0x00000326   Code   RO         4479    .text               c_w.l(scanf_hexfp.o)
    0x08001ef2   0x08001ef2   0x00000002   PAD
    0x08001ef4   0x08001ef4   0x0000013a   Code   RO         4481    .text               c_w.l(scanf_infnan.o)
    0x0800202e   0x0800202e   0x00000002   Code   RO         4503    .text               c_w.l(use_no_semi.o)
    0x08002030   0x08002030   0x00000000   Code   RO         4505    .text               c_w.l(indicate_semi.o)
    0x08002030   0x08002030   0x00000026   Code   RO         4508    .text               c_w.l(llshl.o)
    0x08002056   0x08002056   0x0000001c   Code   RO         4510    .text               c_w.l(_chval.o)
    0x08002072   0x08002072   0x0000003e   Code   RO         4352    CL$$btod_d2e        c_w.l(btod.o)
    0x080020b0   0x080020b0   0x00000046   Code   RO         4354    CL$$btod_d2e_denorm_low  c_w.l(btod.o)
    0x080020f6   0x080020f6   0x00000060   Code   RO         4353    CL$$btod_d2e_norm_op1  c_w.l(btod.o)
    0x08002156   0x08002156   0x00000338   Code   RO         4362    CL$$btod_div_common  c_w.l(btod.o)
    0x0800248e   0x0800248e   0x00000002   PAD
    0x08002490   0x08002490   0x00000084   Code   RO         4360    CL$$btod_e2d        c_w.l(btod.o)
    0x08002514   0x08002514   0x000000dc   Code   RO         4359    CL$$btod_e2e        c_w.l(btod.o)
    0x080025f0   0x080025f0   0x0000002a   Code   RO         4356    CL$$btod_ediv       c_w.l(btod.o)
    0x0800261a   0x0800261a   0x0000002a   Code   RO         4358    CL$$btod_edivd      c_w.l(btod.o)
    0x08002644   0x08002644   0x0000002a   Code   RO         4355    CL$$btod_emul       c_w.l(btod.o)
    0x0800266e   0x0800266e   0x0000002a   Code   RO         4357    CL$$btod_emuld      c_w.l(btod.o)
    0x08002698   0x08002698   0x00000244   Code   RO         4361    CL$$btod_mult_common  c_w.l(btod.o)
    0x080028dc   0x080028dc   0x00000002   Code   RO          353    i.BusFault_Handler  stm32l4xx_it.o
    0x080028de   0x080028de   0x00000002   PAD
    0x080028e0   0x080028e0   0x00000138   Code   RO         3917    i.ControlPID_initialize  controlpid.o
    0x08002a18   0x08002a18   0x00000228   Code   RO         3918    i.ControlPID_step   controlpid.o
    0x08002c40   0x08002c40   0x00000002   Code   RO          354    i.DebugMon_Handler  stm32l4xx_it.o
    0x08002c42   0x08002c42   0x00000002   PAD
    0x08002c44   0x08002c44   0x0000002c   Code   RO         3970    i.EXTI0_Callback    controlpid_exti.o
    0x08002c70   0x08002c70   0x00000006   Code   RO          355    i.EXTI0_IRQHandler  stm32l4xx_it.o
    0x08002c76   0x08002c76   0x00000004   Code   RO           13    i.Error_Handler     main.o
    0x08002c7a   0x08002c7a   0x0000004a   Code   RO         2724    i.HAL_DMA_Abort     stm32l4xx_hal_dma.o
    0x08002cc4   0x08002cc4   0x0000004e   Code   RO         2725    i.HAL_DMA_Abort_IT  stm32l4xx_hal_dma.o
    0x08002d12   0x08002d12   0x00000002   PAD
    0x08002d14   0x08002d14   0x000000a8   Code   RO         3971    i.HAL_GPIO_EXTI_Callback  controlpid_exti.o
    0x08002dbc   0x08002dbc   0x00000018   Code   RO         2659    i.HAL_GPIO_EXTI_IRQHandler  stm32l4xx_hal_gpio.o
    0x08002dd4   0x08002dd4   0x000001aa   Code   RO         2660    i.HAL_GPIO_Init     stm32l4xx_hal_gpio.o
    0x08002f7e   0x08002f7e   0x00000010   Code   RO         2663    i.HAL_GPIO_TogglePin  stm32l4xx_hal_gpio.o
    0x08002f8e   0x08002f8e   0x0000000a   Code   RO         2664    i.HAL_GPIO_WritePin  stm32l4xx_hal_gpio.o
    0x08002f98   0x08002f98   0x0000000c   Code   RO         1483    i.HAL_GetTick       stm32l4xx_hal.o
    0x08002fa4   0x08002fa4   0x00000010   Code   RO         1489    i.HAL_IncTick       stm32l4xx_hal.o
    0x08002fb4   0x08002fb4   0x0000001e   Code   RO         1490    i.HAL_Init          stm32l4xx_hal.o
    0x08002fd2   0x08002fd2   0x00000002   PAD
    0x08002fd4   0x08002fd4   0x00000044   Code   RO         1491    i.HAL_InitTick      stm32l4xx_hal.o
    0x08003018   0x08003018   0x0000002c   Code   RO          447    i.HAL_MspInit       stm32l4xx_hal_msp.o
    0x08003044   0x08003044   0x0000001a   Code   RO         3201    i.HAL_NVIC_EnableIRQ  stm32l4xx_hal_cortex.o
    0x0800305e   0x0800305e   0x00000002   PAD
    0x08003060   0x08003060   0x00000040   Code   RO         3207    i.HAL_NVIC_SetPriority  stm32l4xx_hal_cortex.o
    0x080030a0   0x080030a0   0x00000024   Code   RO         3208    i.HAL_NVIC_SetPriorityGrouping  stm32l4xx_hal_cortex.o
    0x080030c4   0x080030c4   0x00000068   Code   RO         2951    i.HAL_PWREx_ControlVoltageScaling  stm32l4xx_hal_pwr_ex.o
    0x0800312c   0x0800312c   0x00000010   Code   RO         2982    i.HAL_PWREx_GetVoltageRange  stm32l4xx_hal_pwr_ex.o
    0x0800313c   0x0800313c   0x000001f0   Code   RO         2313    i.HAL_RCCEx_PeriphCLKConfig  stm32l4xx_hal_rcc_ex.o
    0x0800332c   0x0800332c   0x00000120   Code   RO         2193    i.HAL_RCC_ClockConfig  stm32l4xx_hal_rcc.o
    0x0800344c   0x0800344c   0x00000024   Code   RO         2199    i.HAL_RCC_GetPCLK1Freq  stm32l4xx_hal_rcc.o
    0x08003470   0x08003470   0x00000024   Code   RO         2200    i.HAL_RCC_GetPCLK2Freq  stm32l4xx_hal_rcc.o
    0x08003494   0x08003494   0x000000a4   Code   RO         2201    i.HAL_RCC_GetSysClockFreq  stm32l4xx_hal_rcc.o
    0x08003538   0x08003538   0x000005c4   Code   RO         2204    i.HAL_RCC_OscConfig  stm32l4xx_hal_rcc.o
    0x08003afc   0x08003afc   0x00000028   Code   RO         3212    i.HAL_SYSTICK_Config  stm32l4xx_hal_cortex.o
    0x08003b24   0x08003b24   0x00000002   Code   RO         1187    i.HAL_TIMEx_Break2Callback  stm32l4xx_hal_tim_ex.o
    0x08003b26   0x08003b26   0x00000002   Code   RO         1188    i.HAL_TIMEx_BreakCallback  stm32l4xx_hal_tim_ex.o
    0x08003b28   0x08003b28   0x00000002   Code   RO         1189    i.HAL_TIMEx_CommutCallback  stm32l4xx_hal_tim_ex.o
    0x08003b2a   0x08003b2a   0x00000002   PAD
    0x08003b2c   0x08003b2c   0x00000084   Code   RO         1191    i.HAL_TIMEx_ConfigBreakDeadTime  stm32l4xx_hal_tim_ex.o
    0x08003bb0   0x08003bb0   0x0000006c   Code   RO         1209    i.HAL_TIMEx_MasterConfigSynchronization  stm32l4xx_hal_tim_ex.o
    0x08003c1c   0x08003c1c   0x00000062   Code   RO          473    i.HAL_TIM_Base_Init  stm32l4xx_hal_tim.o
    0x08003c7e   0x08003c7e   0x00000002   PAD
    0x08003c80   0x08003c80   0x0000003c   Code   RO          246    i.HAL_TIM_Base_MspInit  tim.o
    0x08003cbc   0x08003cbc   0x00000058   Code   RO          478    i.HAL_TIM_Base_Start_IT  stm32l4xx_hal_tim.o
    0x08003d14   0x08003d14   0x00000026   Code   RO          504    i.HAL_TIM_GenerateEvent  stm32l4xx_hal_tim.o
    0x08003d3a   0x08003d3a   0x00000002   Code   RO          507    i.HAL_TIM_IC_CaptureCallback  stm32l4xx_hal_tim.o
    0x08003d3c   0x08003d3c   0x00000184   Code   RO          521    i.HAL_TIM_IRQHandler  stm32l4xx_hal_tim.o
    0x08003ec0   0x08003ec0   0x00000050   Code   RO          247    i.HAL_TIM_MspPostInit  tim.o
    0x08003f10   0x08003f10   0x00000002   Code   RO          524    i.HAL_TIM_OC_DelayElapsedCallback  stm32l4xx_hal_tim.o
    0x08003f12   0x08003f12   0x0000011e   Code   RO          545    i.HAL_TIM_PWM_ConfigChannel  stm32l4xx_hal_tim.o
    0x08004030   0x08004030   0x00000062   Code   RO          548    i.HAL_TIM_PWM_Init  stm32l4xx_hal_tim.o
    0x08004092   0x08004092   0x00000002   PAD
    0x08004094   0x08004094   0x00000028   Code   RO          249    i.HAL_TIM_PWM_MspInit  tim.o
    0x080040bc   0x080040bc   0x00000002   Code   RO          551    i.HAL_TIM_PWM_PulseFinishedCallback  stm32l4xx_hal_tim.o
    0x080040be   0x080040be   0x00000002   PAD
    0x080040c0   0x080040c0   0x000000d0   Code   RO          553    i.HAL_TIM_PWM_Start  stm32l4xx_hal_tim.o
    0x08004190   0x08004190   0x00000004   Code   RO         4006    i.HAL_TIM_PeriodElapsedCallback  controlpid_tim.o
    0x08004194   0x08004194   0x00000002   Code   RO          564    i.HAL_TIM_TriggerCallback  stm32l4xx_hal_tim.o
    0x08004196   0x08004196   0x00000002   Code   RO         3412    i.HAL_UARTEx_RxEventCallback  stm32l4xx_hal_uart.o
    0x08004198   0x08004198   0x00000002   Code   RO         3805    i.HAL_UARTEx_WakeupCallback  stm32l4xx_hal_uart_ex.o
    0x0800419a   0x0800419a   0x00000002   Code   RO         3428    i.HAL_UART_ErrorCallback  stm32l4xx_hal_uart.o
    0x0800419c   0x0800419c   0x0000023c   Code   RO         3431    i.HAL_UART_IRQHandler  stm32l4xx_hal_uart.o
    0x080043d8   0x080043d8   0x00000066   Code   RO         3432    i.HAL_UART_Init     stm32l4xx_hal_uart.o
    0x0800443e   0x0800443e   0x00000002   PAD
    0x08004440   0x08004440   0x000000a0   Code   RO          312    i.HAL_UART_MspInit  usart.o
    0x080044e0   0x080044e0   0x00000048   Code   RO         3437    i.HAL_UART_Receive_IT  stm32l4xx_hal_uart.o
    0x08004528   0x08004528   0x00000058   Code   RO           14    i.HAL_UART_RxCpltCallback  main.o
    0x08004580   0x08004580   0x00000068   Code   RO         3443    i.HAL_UART_Transmit_IT  stm32l4xx_hal_uart.o
    0x080045e8   0x080045e8   0x00000044   Code   RO         4055    i.HAL_UART_TxCpltCallback  controlpid_usart.o
    0x0800462c   0x0800462c   0x00000002   Code   RO          356    i.HardFault_Handler  stm32l4xx_it.o
    0x0800462e   0x0800462e   0x00000002   PAD
    0x08004630   0x08004630   0x00000084   Code   RO          217    i.MX_GPIO_Init      gpio.o
    0x080046b4   0x080046b4   0x000000a0   Code   RO          250    i.MX_TIM15_Init     tim.o
    0x08004754   0x08004754   0x00000048   Code   RO          251    i.MX_TIM6_Init      tim.o
    0x0800479c   0x0800479c   0x0000003c   Code   RO          313    i.MX_USART2_UART_Init  usart.o
    0x080047d8   0x080047d8   0x00000002   Code   RO          357    i.MemManage_Handler  stm32l4xx_it.o
    0x080047da   0x080047da   0x00000002   Code   RO          358    i.NMI_Handler       stm32l4xx_it.o
    0x080047dc   0x080047dc   0x00000002   Code   RO          359    i.PendSV_Handler    stm32l4xx_it.o
    0x080047de   0x080047de   0x00000002   PAD
    0x080047e0   0x080047e0   0x0000007c   Code   RO         2205    i.RCC_SetFlashLatencyFromMSIRange  stm32l4xx_hal_rcc.o
    0x0800485c   0x0800485c   0x00000002   Code   RO          360    i.SVC_Handler       stm32l4xx_it.o
    0x0800485e   0x0800485e   0x00000002   PAD
    0x08004860   0x08004860   0x0000002c   Code   RO           15    i.SysTick_Config    main.o
    0x0800488c   0x0800488c   0x00000014   Code   RO          361    i.SysTick_Handler   stm32l4xx_it.o
    0x080048a0   0x080048a0   0x00000070   Code   RO           16    i.SystemClock_Config  main.o
    0x08004910   0x08004910   0x0000003c   Code   RO         3880    i.SystemInit        system_stm32l4xx.o
    0x0800494c   0x0800494c   0x0000000c   Code   RO          362    i.TIM6_IRQHandler   stm32l4xx_it.o
    0x08004958   0x08004958   0x000000f0   Code   RO         4007    i.TIM6_ItUpFcn      controlpid_tim.o
    0x08004a48   0x08004a48   0x0000006c   Code   RO          566    i.TIM_Base_SetConfig  stm32l4xx_hal_tim.o
    0x08004ab4   0x08004ab4   0x0000001a   Code   RO          567    i.TIM_CCxChannelCmd  stm32l4xx_hal_tim.o
    0x08004ace   0x08004ace   0x00000002   PAD
    0x08004ad0   0x08004ad0   0x00000078   Code   RO          579    i.TIM_OC1_SetConfig  stm32l4xx_hal_tim.o
    0x08004b48   0x08004b48   0x00000078   Code   RO          580    i.TIM_OC2_SetConfig  stm32l4xx_hal_tim.o
    0x08004bc0   0x08004bc0   0x00000074   Code   RO          581    i.TIM_OC3_SetConfig  stm32l4xx_hal_tim.o
    0x08004c34   0x08004c34   0x00000060   Code   RO          582    i.TIM_OC4_SetConfig  stm32l4xx_hal_tim.o
    0x08004c94   0x08004c94   0x0000005c   Code   RO          583    i.TIM_OC5_SetConfig  stm32l4xx_hal_tim.o
    0x08004cf0   0x08004cf0   0x0000005c   Code   RO          584    i.TIM_OC6_SetConfig  stm32l4xx_hal_tim.o
    0x08004d4c   0x08004d4c   0x0000003c   Code   RO         4008    i.TIM_PeriodElapsedCustomCallback  controlpid_tim.o
    0x08004d88   0x08004d88   0x0000006a   Code   RO         4056    i.TX_CopyData       controlpid_usart.o
    0x08004df2   0x08004df2   0x000000c8   Code   RO         3446    i.UART_AdvFeatureConfig  stm32l4xx_hal_uart.o
    0x08004eba   0x08004eba   0x0000005c   Code   RO         3447    i.UART_CheckIdleState  stm32l4xx_hal_uart.o
    0x08004f16   0x08004f16   0x00000014   Code   RO         3448    i.UART_DMAAbortOnError  stm32l4xx_hal_uart.o
    0x08004f2a   0x08004f2a   0x00000030   Code   RO         3458    i.UART_EndRxTransfer  stm32l4xx_hal_uart.o
    0x08004f5a   0x08004f5a   0x0000007c   Code   RO         3460    i.UART_RxISR_16BIT  stm32l4xx_hal_uart.o
    0x08004fd6   0x08004fd6   0x0000007c   Code   RO         3461    i.UART_RxISR_8BIT   stm32l4xx_hal_uart.o
    0x08005052   0x08005052   0x00000002   PAD
    0x08005054   0x08005054   0x00000200   Code   RO         3462    i.UART_SetConfig    stm32l4xx_hal_uart.o
    0x08005254   0x08005254   0x00000090   Code   RO         3464    i.UART_Start_Receive_IT  stm32l4xx_hal_uart.o
    0x080052e4   0x080052e4   0x00000040   Code   RO         3465    i.UART_TxISR_16BIT  stm32l4xx_hal_uart.o
    0x08005324   0x08005324   0x0000003c   Code   RO         3466    i.UART_TxISR_8BIT   stm32l4xx_hal_uart.o
    0x08005360   0x08005360   0x000000a4   Code   RO         3467    i.UART_WaitOnFlagUntilTimeout  stm32l4xx_hal_uart.o
    0x08005404   0x08005404   0x0000000c   Code   RO          363    i.USART2_IRQHandler  stm32l4xx_it.o
    0x08005410   0x08005410   0x00000034   Code   RO         4057    i.USART2_TX_SendData  controlpid_usart.o
    0x08005444   0x08005444   0x00000058   Code   RO         4058    i.USART2_Tx_Initialization  controlpid_usart.o
    0x0800549c   0x0800549c   0x00000002   Code   RO          364    i.UsageFault_Handler  stm32l4xx_it.o
    0x0800549e   0x0800549e   0x00000030   Code   RO         4435    i.__ARM_fpclassify  m_wm.l(fpclassify.o)
    0x080054ce   0x080054ce   0x00000020   Code   RO         3214    i.__NVIC_SetPriority  stm32l4xx_hal_cortex.o
    0x080054ee   0x080054ee   0x00000002   PAD
    0x080054f0   0x080054f0   0x000000f8   Code   RO         4462    i.__hardfp___mathlib_tofloat  m_wm.l(narrow.o)
    0x080055e8   0x080055e8   0x00000038   Code   RO         4163    i.__hardfp_atof     m_wm.l(atof.o)
    0x08005620   0x08005620   0x000000d0   Code   RO         4523    i.__hardfp_ldexp    m_wm.l(ldexp.o)
    0x080056f0   0x080056f0   0x00000020   Code   RO         4579    i.__mathlib_dbl_overflow  m_wm.l(dunder.o)
    0x08005710   0x08005710   0x00000020   Code   RO         4581    i.__mathlib_dbl_underflow  m_wm.l(dunder.o)
    0x08005730   0x08005730   0x00000012   Code   RO         4463    i.__mathlib_narrow  m_wm.l(narrow.o)
    0x08005742   0x08005742   0x00000014   Code   RO         4525    i.__support_ldexp   m_wm.l(ldexp.o)
    0x08005756   0x08005756   0x0000000e   Code   RO         4234    i._is_digit         c_w.l(__printf_wp.o)
    0x08005764   0x08005764   0x00000004   PAD
    0x08005768   0x08005768   0x0000008c   Code   RO         4495    i.frexp             m_wm.l(frexp.o)
    0x080057f4   0x080057f4   0x00000002   Code   RO         4102    i.getBuffPtr        getbuffptr.o
    0x080057f6   0x080057f6   0x00000002   PAD
    0x080057f8   0x080057f8   0x00000100   Code   RO           17    i.main              main.o
    0x080058f8   0x080058f8   0x0000002c   Code   RO         4329    locale$$code        c_w.l(lc_numeric_c.o)
    0x08005924   0x08005924   0x0000002c   Code   RO         4442    locale$$code        c_w.l(lc_ctype_c.o)
    0x08005950   0x08005950   0x00000062   Code   RO         4491    x$fpl$d2f           fz_wm.l(d2f.o)
    0x080059b2   0x080059b2   0x00000002   PAD
    0x080059b4   0x080059b4   0x00000150   Code   RO         4131    x$fpl$dadd          fz_wm.l(daddsub_clz.o)
    0x08005b04   0x08005b04   0x00000010   Code   RO         4590    x$fpl$dcheck1       fz_wm.l(dcheck1.o)
    0x08005b14   0x08005b14   0x00000018   Code   RO         4269    x$fpl$dcmpinf       fz_wm.l(dcmpi.o)
    0x08005b2c   0x08005b2c   0x000002b0   Code   RO         4138    x$fpl$ddiv          fz_wm.l(ddiv.o)
    0x08005ddc   0x08005ddc   0x00000078   Code   RO         4141    x$fpl$deqf          fz_wm.l(deqf.o)
    0x08005e54   0x08005e54   0x0000005e   Code   RO         4143    x$fpl$dfix          fz_wm.l(dfix.o)
    0x08005eb2   0x08005eb2   0x00000002   PAD
    0x08005eb4   0x08005eb4   0x0000005a   Code   RO         4147    x$fpl$dfixu         fz_wm.l(dfixu.o)
    0x08005f0e   0x08005f0e   0x0000002e   Code   RO         4152    x$fpl$dflt          fz_wm.l(dflt_clz.o)
    0x08005f3c   0x08005f3c   0x00000026   Code   RO         4151    x$fpl$dfltu         fz_wm.l(dflt_clz.o)
    0x08005f62   0x08005f62   0x00000002   PAD
    0x08005f64   0x08005f64   0x00000078   Code   RO         4157    x$fpl$dleqf         fz_wm.l(dleqf.o)
    0x08005fdc   0x08005fdc   0x00000154   Code   RO         4159    x$fpl$dmul          fz_wm.l(dmul.o)
    0x08006130   0x08006130   0x0000009c   Code   RO         4271    x$fpl$dnaninf       fz_wm.l(dnaninf.o)
    0x080061cc   0x080061cc   0x0000000c   Code   RO         4273    x$fpl$dretinf       fz_wm.l(dretinf.o)
    0x080061d8   0x080061d8   0x0000006c   Code   RO         4161    x$fpl$drleqf        fz_wm.l(drleqf.o)
    0x08006244   0x08006244   0x000001d4   Code   RO         4133    x$fpl$dsub          fz_wm.l(daddsub_clz.o)
    0x08006418   0x08006418   0x0000000a   Code   RO         4454    x$fpl$fpinit        fz_wm.l(fpinit.o)
    0x08006422   0x08006422   0x0000000a   Code   RO         4521    x$fpl$fretinf       fz_wm.l(fretinf.o)
    0x0800642c   0x0800642c   0x00000006   Code   RO         4433    x$fpl$ieeestatus    fz_wm.l(istatus.o)
    0x08006432   0x08006432   0x00000004   Code   RO         4275    x$fpl$printf1       fz_wm.l(printf1.o)
    0x08006436   0x08006436   0x00000004   Code   RO         4277    x$fpl$printf2       fz_wm.l(printf2.o)
    0x0800643a   0x0800643a   0x00000064   Code   RO         4592    x$fpl$retnan        fz_wm.l(retnan.o)
    0x0800649e   0x0800649e   0x0000005c   Code   RO         4573    x$fpl$scalbn        fz_wm.l(scalbn.o)
    0x080064fa   0x080064fa   0x00000004   Code   RO         4331    x$fpl$scanf1        fz_wm.l(scanf1.o)
    0x080064fe   0x080064fe   0x00000008   Code   RO         4456    x$fpl$scanf2        fz_wm.l(scanf2.o)
    0x08006506   0x08006506   0x00000030   Code   RO         4594    x$fpl$trapveneer    fz_wm.l(trapv.o)
    0x08006536   0x08006536   0x00000000   Code   RO         4283    x$fpl$usenofp       fz_wm.l(usenofp.o)
    0x08006536   0x08006536   0x00000002   PAD
    0x08006538   0x08006538   0x00000040   Data   RO         3881    .constdata          system_stm32l4xx.o
    0x08006578   0x08006578   0x00000008   Data   RO         3882    .constdata          system_stm32l4xx.o
    0x08006580   0x08006580   0x00000004   Data   RO         3920    .constdata          controlpid.o
    0x08006584   0x08006584   0x00000009   Data   RO         4011    .constdata          controlpid_tim.o
    0x0800658d   0x0800658d   0x00000003   PAD
    0x08006590   0x08006590   0x00000008   Data   RO         4193    .constdata          c_w.l(_printf_wctomb.o)
    0x08006598   0x08006598   0x00000028   Data   RO         4222    .constdata          c_w.l(_printf_hex_int_ll_ptr.o)
    0x080065c0   0x080065c0   0x00000011   Data   RO         4242    .constdata          c_w.l(__printf_flags_ss_wp.o)
    0x080065d1   0x080065d1   0x00000026   Data   RO         4315    .constdata          c_w.l(_printf_fp_hex.o)
    0x080065f7   0x080065f7   0x00000001   PAD
    0x080065f8   0x080065f8   0x00000094   Data   RO         4350    .constdata          c_w.l(bigflt0.o)
    0x0800668c   0x0800668c   0x00000020   Data   RO         4596    Region$$Table       anon$$obj.o
    0x080066ac   0x080066ac   0x00000008   Data   RO         4450    c$$dinf             fz_wm.l(fpconst.o)
    0x080066b4   0x080066b4   0x00000008   Data   RO         4453    c$$dmax             fz_wm.l(fpconst.o)
    0x080066bc   0x080066bc   0x0000001c   Data   RO         4328    locale$$data        c_w.l(lc_numeric_c.o)
    0x080066d8   0x080066d8   0x00000110   Data   RO         4441    locale$$data        c_w.l(lc_ctype_c.o)


    Execution Region RW_IRAM2 (Exec base: 0x10000000, Load base: 0x0800682c, Size: 0x00000000, Max: 0x00002000, ABSOLUTE)

    **** No section assigned to this execution region ****


    Execution Region RW_IRAM1 (Exec base: 0x20000000, Load base: 0x080067e8, Size: 0x00000bf8, Max: 0x00008000, ABSOLUTE)

    Exec Addr    Load Addr    Size         Type   Attr      Idx    E Section Name        Object

    0x20000000   0x080067e8   0x0000000c   Data   RW           19    .data               main.o
    0x2000000c   0x080067f4   0x0000000c   Data   RW         1502    .data               stm32l4xx_hal.o
    0x20000018   0x08006800   0x00000004   Data   RW         3883    .data               system_stm32l4xx.o
    0x2000001c   0x08006804   0x00000002   Data   RW         3921    .data               controlpid.o
    0x2000001e   0x08006806   0x00000002   PAD
    0x20000020   0x08006808   0x00000004   Data   RW         3922    .data               controlpid.o
    0x20000024   0x0800680c   0x00000002   Data   RW         4012    .data               controlpid_tim.o
    0x20000026   0x0800680e   0x00000002   PAD
    0x20000028   0x08006810   0x00000010   Data   RW         4015    .data               controlpid_tim.o
    0x20000038   0x08006820   0x0000000c   Data   RW         4060    .data               controlpid_usart.o
    0x20000044        -       0x00000064   Zero   RW           18    .bss                main.o
    0x200000a8        -       0x00000098   Zero   RW          252    .bss                tim.o
    0x20000140        -       0x00000084   Zero   RW          314    .bss                usart.o
    0x200001c4   0x0800682c   0x00000004   PAD
    0x200001c8        -       0x00000040   Zero   RW         3919    .bss                controlpid.o
    0x20000208        -       0x00000040   Zero   RW         3972    .bss                controlpid_exti.o
    0x20000248        -       0x00000094   Zero   RW         4009    .bss                controlpid_tim.o
    0x200002dc        -       0x00000094   Zero   RW         4010    .bss                controlpid_tim.o
    0x20000370        -       0x00000224   Zero   RW         4059    .bss                controlpid_usart.o
    0x20000594        -       0x00000060   Zero   RW         4334    .bss                c_w.l(libspace.o)
    0x200005f4   0x0800682c   0x00000004   PAD
    0x200005f8        -       0x00000200   Zero   RW            2    HEAP                startup_stm32l412xx.o
    0x200007f8        -       0x00000400   Zero   RW            1    STACK               startup_stm32l412xx.o


==============================================================================

Image component sizes


      Code (inc. data)   RO Data    RW Data    ZI Data      Debug   Object Name

       864        154          4          6         64       3858   controlpid.o
       212         18          0          0         64       1978   controlpid_exti.o
       304         62          9         18        296       5091   controlpid_tim.o
       314         30          0         12        548       4780   controlpid_usart.o
         2          0          0          0          0        561   getbuffptr.o
       132         14          0          0          0        959   gpio.o
       504         70          0         12        100     551832   main.o
        64         26        396          0       1536        872   startup_stm32l412xx.o
       126         20          0         12          0      11229   stm32l4xx_hal.o
       198         14          0          0          0      34007   stm32l4xx_hal_cortex.o
       152          0          0          0          0       1871   stm32l4xx_hal_dma.o
       476         30          0          0          0       3872   stm32l4xx_hal_gpio.o
        44          6          0          0          0        910   stm32l4xx_hal_msp.o
       120         20          0          0          0       1426   stm32l4xx_hal_pwr_ex.o
      2124         94          0          0          0       7288   stm32l4xx_hal_rcc.o
       496         10          0          0          0       1892   stm32l4xx_hal_rcc_ex.o
      1982        144          0          0          0      15768   stm32l4xx_hal_tim.o
       246         16          0          0          0       4092   stm32l4xx_hal_tim_ex.o
      2406         88          0          0          0      14834   stm32l4xx_hal_uart.o
         2          0          0          0          0       1072   stm32l4xx_hal_uart_ex.o
        66         16          0          0          0       5935   stm32l4xx_it.o
        60         12         72          4          0       1289   system_stm32l4xx.o
       412         46          0          0        152       3765   tim.o
       220         16          0          0        132       1898   usart.o

    ----------------------------------------------------------------------
     11560        906        516         68       2896     681079   Object Totals
         0          0         32          0          0          0   (incl. Generated)
        34          0          3          4          4          0   (incl. Padding)

    ----------------------------------------------------------------------

      Code (inc. data)   RO Data    RW Data    ZI Data      Debug   Library Member Name

         8          0          0          0          0         68   __main.o
       398          4         17          0          0         92   __printf_flags_ss_wp.o
        14          0          0          0          0         68   __printf_wp.o
         0          0          0          0          0          0   __rtentry.o
        12          0          0          0          0          0   __rtentry2.o
         6          0          0          0          0          0   __rtentry4.o
        52          8          0          0          0          0   __scatter.o
        26          0          0          0          0          0   __scatter_copy.o
        28          0          0          0          0          0   __scatter_zi.o
        28          0          0          0          0         68   _chval.o
         6          0          0          0          0          0   _printf_a.o
         6          0          0          0          0          0   _printf_c.o
        44          0          0          0          0        108   _printf_char.o
        48          6          0          0          0         96   _printf_char_common.o
        40          0          0          0          0         68   _printf_charcount.o
         6          0          0          0          0          0   _printf_d.o
       120         16          0          0          0         92   _printf_dec.o
         6          0          0          0          0          0   _printf_e.o
         6          0          0          0          0          0   _printf_f.o
      1060          0          0          0          0        216   _printf_fp_dec.o
       770          8         38          0          0        100   _printf_fp_hex.o
       128         16          0          0          0         84   _printf_fp_infnan.o
         6          0          0          0          0          0   _printf_g.o
       148          4         40          0          0        160   _printf_hex_int_ll_ptr.o
         6          0          0          0          0          0   _printf_i.o
       178          0          0          0          0         88   _printf_intcommon.o
        10          0          0          0          0          0   _printf_l.o
         6          0          0          0          0          0   _printf_lc.o
        10          0          0          0          0          0   _printf_ll.o
         6          0          0          0          0          0   _printf_lld.o
         6          0          0          0          0          0   _printf_lli.o
         6          0          0          0          0          0   _printf_llo.o
         6          0          0          0          0          0   _printf_llu.o
         6          0          0          0          0          0   _printf_llx.o
       124         16          0          0          0         92   _printf_longlong_dec.o
         6          0          0          0          0          0   _printf_ls.o
         6          0          0          0          0          0   _printf_n.o
         6          0          0          0          0          0   _printf_o.o
       112         10          0          0          0        124   _printf_oct_int_ll.o
         6          0          0          0          0          0   _printf_p.o
        78          0          0          0          0        108   _printf_pad.o
         0          0          0          0          0          0   _printf_percent.o
         4          0          0          0          0          0   _printf_percent_end.o
         6          0          0          0          0          0   _printf_s.o
        82          0          0          0          0         80   _printf_str.o
        36          0          0          0          0         84   _printf_truncate.o
         6          0          0          0          0          0   _printf_u.o
        44          0          0          0          0        108   _printf_wchar.o
       194          6          8          0          0         92   _printf_wctomb.o
         6          0          0          0          0          0   _printf_x.o
        22          0          0          0          0        100   _rserrno.o
        64          0          0          0          0         84   _sgetc.o
        10          0          0          0          0         68   _sputc.o
        64          0          0          0          0         92   _wcrtomb.o
       228          4        148          0          0         96   bigflt0.o
      2152        136          0          0          0        960   btod.o
        18          0          0          0          0         80   exit.o
         6          0          0          0          0        152   heapauxi.o
         0          0          0          0          0          0   indicate_semi.o
        18          0          0          0          0         76   isspace.o
        44         10        272          0          0         76   lc_ctype_c.o
        44         10         28          0          0         76   lc_numeric_c.o
         2          0          0          0          0          0   libinit.o
        34          0          0          0          0          0   libinit2.o
         2          0          0          0          0          0   libshutdown.o
         2          0          0          0          0          0   libshutdown2.o
         8          4          0          0         96         68   libspace.o
        38          0          0          0          0         68   llshl.o
       138          0          0          0          0         80   lludiv10.o
       238          0          0          0          0        100   lludivv7m.o
        16          4          0          0          0         76   rt_ctype_table.o
         8          4          0          0          0         68   rt_errno_addr_intlibspace.o
         8          4          0          0          0         68   rt_locale_intlibspace.o
        68          0          0          0          0         68   rt_memclr.o
        78          0          0          0          0         80   rt_memclr_w.o
         2          0          0          0          0          0   rtexit.o
        10          0          0          0          0          0   rtexit2.o
      1288         16          0          0          0        168   scanf_fp.o
       806         14          0          0          0        100   scanf_hexfp.o
       314         16          0          0          0        100   scanf_infnan.o
        44          6          0          0          0         84   sprintf.o
       128          0          0          0          0         68   strcmpv7m.o
       164         14          0          0          0        120   strtod.o
        12          4          0          0          0         68   sys_exit.o
        74          0          0          0          0         80   sys_stackheap_outer.o
         2          0          0          0          0         68   use_no_semi.o
        98          4          0          0          0        140   d2f.o
       804         16          0          0          0        368   daddsub_clz.o
        16          4          0          0          0        116   dcheck1.o
        24          0          0          0          0        116   dcmpi.o
       688        140          0          0          0        256   ddiv.o
       120          4          0          0          0        140   deqf.o
        94          4          0          0          0        140   dfix.o
        90          4          0          0          0        140   dfixu.o
        84          0          0          0          0        232   dflt_clz.o
       120          4          0          0          0        140   dleqf.o
       340         12          0          0          0        152   dmul.o
       156          4          0          0          0        140   dnaninf.o
        12          0          0          0          0        116   dretinf.o
       108          0          0          0          0        128   drleqf.o
         0          0         16          0          0          0   fpconst.o
        10          0          0          0          0        116   fpinit.o
        10          0          0          0          0        116   fretinf.o
         6          0          0          0          0        116   istatus.o
         4          0          0          0          0        116   printf1.o
         4          0          0          0          0        116   printf2.o
       100          0          0          0          0        116   retnan.o
        92          0          0          0          0        116   scalbn.o
         4          0          0          0          0        116   scanf1.o
         8          0          0          0          0        132   scanf2.o
        48          0          0          0          0        116   trapv.o
         0          0          0          0          0          0   usenofp.o
        56         12          0          0          0        132   atof.o
        64         16          0          0          0        248   dunder.o
        48          0          0          0          0        124   fpclassify.o
       140         22          0          0          0        132   frexp.o
       228          8          0          0          0        308   ldexp.o
       266         16          0          0          0        308   narrow.o

    ----------------------------------------------------------------------
     13956        612        568          0        100      10140   Library Totals
        38          2          1          0          4          0   (incl. Padding)

    ----------------------------------------------------------------------

      Code (inc. data)   RO Data    RW Data    ZI Data      Debug   Library Name

     10076        340        551          0         96       5388   c_w.l
      3040        196         16          0          0       3500   fz_wm.l
       802         74          0          0          0       1252   m_wm.l

    ----------------------------------------------------------------------
     13956        612        568          0        100      10140   Library Totals

    ----------------------------------------------------------------------

==============================================================================


      Code (inc. data)   RO Data    RW Data    ZI Data      Debug   

     25516       1518       1084         68       2996     675107   Grand Totals
     25516       1518       1084         68       2996     675107   ELF Image Totals
     25516       1518       1084         68          0          0   ROM Totals

==============================================================================

    Total RO  Size (Code + RO Data)                26600 (  25.98kB)
    Total RW  Size (RW Data + ZI Data)              3064 (   2.99kB)
    Total ROM Size (Code + RO Data + RW Data)      26668 (  26.04kB)

==============================================================================

